Process 3724 attached with 66 threads
[pid  3882] ioctl(10, BINDER_WRITE_READ <unfinished ...>
[pid  3821] restart_syscall(<... resuming interrupted call ...> <unfinished ...>
[pid  3819] restart_syscall(<... resuming interrupted call ...> <unfinished ...>
[pid  3818] restart_syscall(<... resuming interrupted call ...> <unfinished ...>
[pid  3816] restart_syscall(<... resuming interrupted call ...> <unfinished ...>
[pid  3889] restart_syscall(<... resuming interrupted call ...> <unfinished ...>
[pid  3888] restart_syscall(<... resuming interrupted call ...> <unfinished ...>
[pid  3884] clock_gettime(CLOCK_MONOTONIC,  <unfinished ...>
[pid  3817] restart_syscall(<... resuming interrupted call ...> <unfinished ...>
[pid  3814] restart_syscall(<... resuming interrupted call ...> <unfinished ...>
[pid  3813] restart_syscall(<... resuming interrupted call ...> <unfinished ...>
[pid  3811] restart_syscall(<... resuming interrupted call ...> <unfinished ...>
[pid  3810] restart_syscall(<... resuming interrupted call ...> <unfinished ...>
[pid  3809] restart_syscall(<... resuming interrupted call ...> <unfinished ...>
[pid  3808] restart_syscall(<... resuming interrupted call ...> <unfinished ...>
[pid  3800] restart_syscall(<... resuming interrupted call ...> <unfinished ...>
[pid  3884] <... clock_gettime resumed> {155, 409981823}) = 0
[pid  3815] restart_syscall(<... resuming interrupted call ...> <unfinished ...>
[pid  3806] restart_syscall(<... resuming interrupted call ...> <unfinished ...>
[pid  3794] clock_gettime(CLOCK_MONOTONIC,  <unfinished ...>
[pid  3789] futex(0x9710db48, FUTEX_WAIT_PRIVATE, 2, NULL <unfinished ...>
[pid  3788] futex(0x9720bb48, FUTEX_WAIT_PRIVATE, 2, NULL <unfinished ...>
[pid  3791] clock_gettime(CLOCK_MONOTONIC,  <unfinished ...>
[pid  3792] restart_syscall(<... resuming interrupted call ...> <unfinished ...>
[pid  3794] <... clock_gettime resumed> {155, 410900823}) = 0
[pid  3794] epoll_pwait(101,  <unfinished ...>
[pid  3791] <... clock_gettime resumed> {155, 410968823}) = 0
[pid  3790] clock_gettime(CLOCK_MONOTONIC, {155, 411767823}) = 0
[pid  3787] futex(0x97309b48, FUTEX_WAIT_PRIVATE, 2, NULL <unfinished ...>
[pid  3791] epoll_pwait(88,  <unfinished ...>
[pid  3790] epoll_pwait(76,  <unfinished ...>
[pid  3786] futex(0x97407b48, FUTEX_WAIT_PRIVATE, 2, NULL <unfinished ...>
[pid  3785] clock_gettime(CLOCK_MONOTONIC, {155, 412524823}) = 0
[pid  3785] epoll_pwait(68,  <unfinished ...>
[pid  3784] clock_gettime(CLOCK_MONOTONIC, {155, 413074823}) = 0
[pid  3784] epoll_pwait(63,  <unfinished ...>
[pid  3783] futex(0x97701998, FUTEX_WAIT_PRIVATE, 2, NULL <unfinished ...>
[pid  3782] futex(0x977ff998, FUTEX_WAIT_PRIVATE, 2, NULL <unfinished ...>
[pid  3778] restart_syscall(<... resuming interrupted call ...> <unfinished ...>
[pid  3777] restart_syscall(<... resuming interrupted call ...> <unfinished ...>
[pid  3773] restart_syscall(<... resuming interrupted call ...> <unfinished ...>
[pid  3769] restart_syscall(<... resuming interrupted call ...> <unfinished ...>
[pid  3780] futex(0x97edf998, FUTEX_WAIT_PRIVATE, 2, NULL <unfinished ...>
[pid  3779] futex(0x980e8b48, FUTEX_WAIT_PRIVATE, 2, NULL <unfinished ...>
[pid  3781] clock_gettime(CLOCK_MONOTONIC,  <unfinished ...>
[pid  3776] pselect6(55, [53 54], NULL, NULL, NULL, 0 <unfinished ...>
[pid  3781] <... clock_gettime resumed> {155, 413539823}) = 0
[pid  3775] clock_gettime(CLOCK_MONOTONIC,  <unfinished ...>
[pid  3781] epoll_pwait(58,  <unfinished ...>
[pid  3761] epoll_pwait(26,  <unfinished ...>
[pid  3775] <... clock_gettime resumed> {155, 413942823}) = 0
[pid  3759] futex(0xae839568, FUTEX_WAIT, 10, NULL <unfinished ...>
[pid  3775] epoll_pwait(47,  <unfinished ...>
[pid  3756] futex(0xae839658, FUTEX_WAIT, 8, NULL <unfinished ...>
[pid  3755] restart_syscall(<... resuming interrupted call ...> <unfinished ...>
[pid  3746] futex(0xb42356b8, FUTEX_WAIT, 4, NULL <unfinished ...>
[pid  3751] restart_syscall(<... resuming interrupted call ...> <unfinished ...>
[pid  3743] futex(0xb4235698, FUTEX_WAIT, 3, NULL <unfinished ...>
[pid  3747] futex(0xb4235728, FUTEX_WAIT, 3, NULL <unfinished ...>
[pid  3741] ioctl(10, BINDER_WRITE_READ <unfinished ...>
[pid  3740] ioctl(10, BINDER_WRITE_READ <unfinished ...>
[pid  3739] futex(0xb4039448, FUTEX_WAIT, 12, NULL <unfinished ...>
[pid  3737] restart_syscall(<... resuming interrupted call ...> <unfinished ...>
[pid  3732] rt_sigtimedwait([QUIT USR1], NULL, NULL, 8 <unfinished ...>
[pid  3729] futex(0xb404e980, FUTEX_WAIT, 12, NULL <unfinished ...>
[pid  3754] futex(0xae839418, FUTEX_WAIT, 5, NULL <unfinished ...>
[pid  3750] restart_syscall(<... resuming interrupted call ...> <unfinished ...>
[pid  3738] futex(0xb4039418, FUTEX_WAIT, 2, NULL <unfinished ...>
[pid  3736] futex(0xb4235128, FUTEX_WAIT, 13, NULL <unfinished ...>
[pid  3735] futex(0xae8390b8, FUTEX_WAIT, 12, NULL <unfinished ...>
[pid  3733] pselect6(14, [9 12 13], NULL, NULL, NULL, 0 <unfinished ...>
[pid  3728] futex(0xb404e980, FUTEX_WAIT, 12, NULL <unfinished ...>
[pid  3887] futex(0xae839808, FUTEX_WAIT, 0, NULL <unfinished ...>
[pid  3886] restart_syscall(<... resuming interrupted call ...> <unfinished ...>
[pid  3885] clock_gettime(CLOCK_MONOTONIC,  <unfinished ...>
[pid  3884] epoll_pwait(96,  <unfinished ...>
[pid  3885] <... clock_gettime resumed> {155, 416592823}) = 0
[pid  3745] futex(0xb4235688, FUTEX_WAIT, 2, NULL <unfinished ...>
[pid  3727] futex(0xb404e980, FUTEX_WAIT, 12, NULL <unfinished ...>
[pid  3724] clock_gettime(CLOCK_MONOTONIC,  <unfinished ...>
[pid  3885] epoll_pwait(105,  <unfinished ...>
[pid  3724] <... clock_gettime resumed> {155, 416894823}) = 0
[pid  3724] epoll_pwait(17,  <unfinished ...>
[pid  3886] <... restart_syscall resumed> ) = -1 ETIMEDOUT (Connection timed out)
[pid  3886] clock_gettime(CLOCK_MONOTONIC, {155, 763450823}) = 0
[pid  3886] clock_gettime(CLOCK_MONOTONIC, {155, 767533823}) = 0
[pid  3886] futex(0xa242c410, FUTEX_WAKE, 1) = 0
[pid  3886] futex(0xa2580728, FUTEX_WAIT, 0, {1, 0} <unfinished ...>
[pid  3885] <... epoll_pwait resumed> {}, 16, 359, NULL, 8) = 0
[pid  3885] clock_gettime(CLOCK_MONOTONIC, {155, 783713823}) = 0
[pid  3885] clock_gettime(CLOCK_MONOTONIC, {155, 786069823}) = 0
[pid  3885] getuid32( <unfinished ...>
[pid  3884] <... epoll_pwait resumed> {}, 16, 367, NULL, 8) = 0
[pid  3885] <... getuid32 resumed> )    = 10059
[pid  3884] clock_gettime(CLOCK_MONOTONIC,  <unfinished ...>
[pid  3885] epoll_pwait(105,  <unfinished ...>
[pid  3884] <... clock_gettime resumed> {155, 790850823}) = 0
[pid  3885] <... epoll_pwait resumed> {}, 16, 0, NULL, 8) = 0
[pid  3884] clock_gettime(CLOCK_MONOTONIC,  <unfinished ...>
[pid  3885] clock_gettime(CLOCK_MONOTONIC,  <unfinished ...>
[pid  3884] <... clock_gettime resumed> {155, 792995823}) = 0
[pid  3885] <... clock_gettime resumed> {155, 793793823}) = 0
[pid  3884] getuid32( <unfinished ...>
[pid  3885] epoll_pwait(105,  <unfinished ...>
[pid  3884] <... getuid32 resumed> )    = 10059
[pid  3884] epoll_pwait(96, {}, 16, 0, NULL, 8) = 0
[pid  3884] clock_gettime(CLOCK_MONOTONIC, {155, 798741823}) = 0
[pid  3884] epoll_pwait(96,  <unfinished ...>
[pid  3724] <... epoll_pwait resumed> {{EPOLLIN, {u32=112, u64=112}}}, 16, -1, NULL, 8) = 1
[pid  3724] recvfrom(112, "h\0\0\0\0\0\0\0\1\0\0\0\0\0\0\0\23\213\303;$\0\0\0\0\0\0\0\304k\34A"..., 26624, MSG_DONTWAIT, NULL, NULL) = 104
[pid  3724] recvfrom(112, 0xa2425000, 26624, 64, 0, 0) = -1 EAGAIN (Try again)
[pid  3724] clock_gettime(CLOCK_MONOTONIC, {155, 879478823}) = 0
[pid  3724] epoll_pwait(17,  <unfinished ...>
[pid  3800] <... restart_syscall resumed> ) = -1 ETIMEDOUT (Connection timed out)
[pid  3800] clock_gettime(CLOCK_MONOTONIC, {156, 487101823}) = 0
[pid  3800] munmap(0x98fd4000, 8192 <unfinished ...>
[pid  3769] <... restart_syscall resumed> ) = -1 ETIMEDOUT (Connection timed out)
[pid  3800] <... munmap resumed> )      = 0
[pid  3769] futex(0xb4036500, FUTEX_WAIT, 1, NULL <unfinished ...>
[pid  3800] modify_ldt(1, {entry_number:38, base_addr:00000000, limit:0, seg_32bit:0, contents:0, read_exec_only:0, limit_in_pages:0, seg_not_present:1, useable:0}, 16) = 0
[pid  3800] futex(0xb4036500, FUTEX_WAKE, 1) = 1
[pid  3769] <... futex resumed> )       = 0
[pid  3800] gettid()                    = 3800
[pid  3769] clock_gettime(CLOCK_MONOTONIC,  <unfinished ...>
[pid  3800] gettid( <unfinished ...>
[pid  3769] <... clock_gettime resumed> {156, 497562823}) = 0
[pid  3800] <... gettid resumed> )      = 3800
[pid  3769] futex(0xb4036500, FUTEX_WAIT, 1, NULL <unfinished ...>
[pid  3800] futex(0xb4036500, FUTEX_WAKE, 1 <unfinished ...>
[pid  3769] <... futex resumed> )       = -1 EAGAIN (Try again)
[pid  3800] <... futex resumed> )       = 0
[pid  3769] futex(0xa24f4890, FUTEX_WAKE, 1 <unfinished ...>
[pid  3800] madvise(0x97889000, 4096, MADV_DONTNEED <unfinished ...>
[pid  3769] <... futex resumed> )       = 0
[pid  3800] <... madvise resumed> )     = 0
[pid  3769] futex(0xb4235608, FUTEX_WAIT, 7, NULL <unfinished ...>
[pid  3800] madvise(0x97871000, 65536, MADV_DONTNEED) = 0
[pid  3800] ioctl(10, BINDER_THREAD_EXIT <unfinished ...>
[pid  3773] <... restart_syscall resumed> ) = -1 ETIMEDOUT (Connection timed out)
[pid  3773] clock_gettime(CLOCK_MONOTONIC,  <unfinished ...>
[pid  3800] <... ioctl resumed> , 0)    = 0
[pid  3773] <... clock_gettime resumed> {156, 505268823}) = 0
[pid  3800] sigaltstack({ss_sp=0, ss_flags=SS_DISABLE, ss_size=3076016040}, NULL) = 0
[pid  3773] futex(0xa24f4aa0, FUTEX_WAKE, 1 <unfinished ...>
[pid  3800] munmap(0x98fd6000, 8192)    = 0
[pid  3773] <... futex resumed> )       = 0
[pid  3800] set_tid_address(0)          = 3800
[pid  3773] futex(0xb4235b48, FUTEX_WAIT, 4, NULL <unfinished ...>
[pid  3800] rt_sigprocmask(SIG_SETMASK, [HUP INT QUIT ILL TRAP ABRT BUS FPE KILL USR1 SEGV USR2 PIPE ALRM TERM STKFLT CHLD CONT STOP TSTP TTIN TTOU URG XCPU XFSZ VTALRM PROF WINCH IO PWR SYS RTMIN], [QUIT USR1 PIPE], 8) = 0
[pid  3800] munmap(0x96a04000, 1064960) = 0
[pid  3800] _exit(0)                    = ?
[pid  3800] +++ exited with 0 +++
[pid  3724] <... epoll_pwait resumed> {{EPOLLIN, {u32=112, u64=112}}}, 16, -1, NULL, 8) = 1
[pid  3724] recvfrom(112, "h\0\0\0\0\0\0\0\1\0\0\0\0\0\0\0\243otk$\0\0\0\0\0\0\0\304k\34A"..., 26624, MSG_DONTWAIT, NULL, NULL) = 104
[pid  3724] recvfrom(112, 0xa2425000, 26624, 64, 0, 0) = -1 EAGAIN (Try again)
[pid  3724] clock_gettime(CLOCK_MONOTONIC, {156, 676408823}) = 0
[pid  3724] epoll_pwait(17,  <unfinished ...>
[pid  3886] <... futex resumed> )       = -1 ETIMEDOUT (Connection timed out)
[pid  3886] clock_gettime(CLOCK_MONOTONIC, {156, 775156823}) = 0
[pid  3886] clock_gettime(CLOCK_MONOTONIC, {156, 776572823}) = 0
[pid  3886] futex(0xa242c410, FUTEX_WAKE, 1) = 0
[pid  3886] futex(0xa2580728, FUTEX_WAIT, 0, {1, 0} <unfinished ...>
[pid  3885] <... epoll_pwait resumed> {}, 16, 993, NULL, 8) = 0
[pid  3885] clock_gettime(CLOCK_MONOTONIC, {156, 797610823}) = 0
[pid  3885] clock_gettime(CLOCK_MONOTONIC, {156, 799752823}) = 0
[pid  3884] <... epoll_pwait resumed> {}, 16, 994, NULL, 8) = 0
[pid  3884] clock_gettime(CLOCK_MONOTONIC, {156, 801635823}) = 0
[pid  3884] clock_gettime(CLOCK_MONOTONIC, {156, 801713823}) = 0
[pid  3884] getuid32()                  = 10059
[pid  3884] epoll_pwait(96, {}, 16, 0, NULL, 8) = 0
[pid  3884] clock_gettime(CLOCK_MONOTONIC, {156, 801872823}) = 0
[pid  3884] epoll_pwait(96,  <unfinished ...>
[pid  3885] getuid32()                  = 10059
[pid  3885] epoll_pwait(105, {}, 16, 0, NULL, 8) = 0
[pid  3885] clock_gettime(CLOCK_MONOTONIC, {156, 807178823}) = 0
[pid  3885] epoll_pwait(105,  <unfinished ...>
[pid  3724] <... epoll_pwait resumed> {{EPOLLIN, {u32=112, u64=112}}}, 16, -1, NULL, 8) = 1
[pid  3724] recvfrom(112, "h\0\0\0\0\0\0\0\1\0\0\0\0\0\0\0+l=\233$\0\0\0\0\0\0\0\304k\34A"..., 26624, MSG_DONTWAIT, NULL, NULL) = 104
[pid  3724] recvfrom(112, 0xa2425000, 26624, 64, 0, 0) = -1 EAGAIN (Try again)
[pid  3724] clock_gettime(CLOCK_MONOTONIC, {157, 475155823}) = 0
[pid  3724] epoll_pwait(17,  <unfinished ...>
[pid  3882] <... ioctl resumed> , 0x95be3be8) = 0
[pid  3882] sched_setscheduler(3882, SCHED_OTHER, { 0 }) = 0
[pid  3882] prctl(0x29 /* PR_??? */, 0, 0xf2a, 0xb75bdca4, 0x9783c2b0) = -1 EINVAL (Invalid argument)
[pid  3882] sched_setscheduler(3882, SCHED_OTHER, { 0 }) = 0
[pid  3882] prctl(0x29 /* PR_??? */, 0, 0xf2a, 0xb75bdbc1, 0x9783c2e0) = -1 EINVAL (Invalid argument)
[pid  3882] sched_setscheduler(3882, SCHED_OTHER, { 0 }) = 0
[pid  3882] prctl(0x29 /* PR_??? */, 0, 0xf2a, 0xb75bdbc1, 0x9783c2e0) = -1 EINVAL (Invalid argument)
[pid  3882] ioctl(10, BINDER_WRITE_READ <unfinished ...>
[pid  3741] <... ioctl resumed> , 0xae7ffbe8) = 0
[pid  3741] sched_setscheduler(3741, SCHED_OTHER, { 0 } <unfinished ...>
[pid  3740] <... ioctl resumed> , 0xaedc7be8) = 0
[pid  3741] <... sched_setscheduler resumed> ) = 0
[pid  3741] prctl(0x29 /* PR_??? */, 0, 0xe9d, 0xb75bdca4, 0xb40760b0 <unfinished ...>
[pid  3740] mmap2(NULL, 1040384, PROT_READ|PROT_WRITE, MAP_PRIVATE|MAP_ANONYMOUS|MAP_NORESERVE, -1, 0 <unfinished ...>
[pid  3741] <... prctl resumed> )       = -1 EINVAL (Invalid argument)
[pid  3740] <... mmap2 resumed> )       = 0x984bf000
[pid  3740] mprotect(0x984bf000, 4096, PROT_NONE) = 0
[pid  3741] sched_setscheduler(3741, SCHED_OTHER, { 0 } <unfinished ...>
[pid  3740] clone( <unfinished ...>
[pid  3741] <... sched_setscheduler resumed> ) = 0
Process 3899 attached
[pid  3741] prctl(0x29 /* PR_??? */, 0, 0xe9d, 0xb75bdbc1, 0xb40760e0 <unfinished ...>
[pid  3899] futex(0xae8ad5c0, FUTEX_WAIT_PRIVATE, 2, NULL <unfinished ...>
[pid  3741] <... prctl resumed> )       = -1 EINVAL (Invalid argument)
[pid  3740] <... clone resumed> child_stack=0x985bcda0, flags=CLONE_VM|CLONE_FS|CLONE_FILES|CLONE_SIGHAND|CLONE_THREAD|CLONE_SYSVSEM|CLONE_SETTLS|CLONE_PARENT_SETTID|CLONE_CHILD_CLEARTID, parent_tidptr=0xae8ad588, tls={entry_number:6, base_addr:0x985bcdb0, limit:4096, seg_32bit:1, contents:0, read_exec_only:0, limit_in_pages:1, seg_not_present:0, useable:1}, tls=0xaedc79b0, child_tidptr=0xae8ad588) = 3899
[pid  3741] sched_setscheduler(3741, SCHED_OTHER, { 0 } <unfinished ...>
[pid  3740] futex(0xae8ad5c0, FUTEX_WAKE_PRIVATE, 1 <unfinished ...>
[pid  3741] <... sched_setscheduler resumed> ) = 0
[pid  3899] <... futex resumed> )       = 0
[pid  3740] <... futex resumed> )       = 1
[pid  3741] prctl(0x29 /* PR_??? */, 0, 0xe9d, 0xb75bdbc1, 0xb40760e0 <unfinished ...>
[pid  3740] sched_setscheduler(3740, SCHED_OTHER, { 0 } <unfinished ...>
[pid  3741] <... prctl resumed> )       = -1 EINVAL (Invalid argument)
[pid  3899] mmap2(NULL, 8192, PROT_READ|PROT_WRITE, MAP_PRIVATE|MAP_ANONYMOUS, -1, 0 <unfinished ...>
[pid  3741] ioctl(10, BINDER_WRITE_READ <unfinished ...>
[pid  3899] <... mmap2 resumed> )       = 0xb2d0e000
[pid  3740] <... sched_setscheduler resumed> ) = 0
[pid  3899] sigaltstack({ss_sp=0xb2d0e000, ss_flags=0, ss_size=8192} <unfinished ...>
[pid  3740] prctl(0x29 /* PR_??? */, 0, 0xe9c, 0xb75bdca4, 0xae85c0f0 <unfinished ...>
[pid  3899] <... sigaltstack resumed> , NULL) = 0
[pid  3740] <... prctl resumed> )       = -1 EINVAL (Invalid argument)
[pid  3899] setpriority(PRIO_PROCESS, 0, 0) = 0
[pid  3740] sched_setscheduler(3740, SCHED_OTHER, { 0 } <unfinished ...>
[pid  3899] sched_setscheduler(3899, SCHED_OTHER, { 0 } <unfinished ...>
[pid  3740] <... sched_setscheduler resumed> ) = 0
[pid  3899] <... sched_setscheduler resumed> ) = 0
[pid  3740] prctl(0x29 /* PR_??? */, 0, 0xe9c, 0xb75bdbc1, 0xae85c120 <unfinished ...>
[pid  3899] prctl(0x29 /* PR_??? */, 0, 0xf3b, 0xa246d9a0, 0 <unfinished ...>
[pid  3740] <... prctl resumed> )       = -1 EINVAL (Invalid argument)
[pid  3899] <... prctl resumed> )       = -1 EINVAL (Invalid argument)
[pid  3740] sched_setscheduler(3740, SCHED_OTHER, { 0 } <unfinished ...>
[pid  3899] prctl(PR_SET_NAME, 0xaebaaef0, 0, 0, 0 <unfinished ...>
[pid  3740] <... sched_setscheduler resumed> ) = 0
[pid  3899] <... prctl resumed> )       = 0
[pid  3740] prctl(0x29 /* PR_??? */, 0, 0xe9c, 0xb75bdbc1, 0xae85c120 <unfinished ...>
[pid  3899] gettid( <unfinished ...>
[pid  3740] <... prctl resumed> )       = -1 EINVAL (Invalid argument)
[pid  3899] <... gettid resumed> )      = 3899
[pid  3740] ioctl(10, BINDER_WRITE_READ <unfinished ...>
[pid  3899] gettid()                    = 3899
[pid  3899] modify_ldt(0, a24d6000, 65536) = 65536
[pid  3899] modify_ldt(1, {entry_number:26, base_addr:0xa25ce400, limit:4096, seg_32bit:1, contents:0, read_exec_only:0, limit_in_pages:0, seg_not_present:0, useable:1}, 16) = 0
[pid  3899] gettid()                    = 3899
[pid  3899] gettid()                    = 3899
[pid  3899] mprotect(0x984c0000, 4096, PROT_READ|PROT_WRITE) = 0
[pid  3899] mprotect(0x984c0000, 4096, PROT_NONE) = 0
[pid  3899] madvise(0x984c0000, 1028096, MADV_DONTNEED) = 0
[pid  3899] openat(AT_FDCWD, "/dev/ashmem", O_RDWR|O_LARGEFILE) = 23
[pid  3899] ioctl(23, ASHMEM_SET_NAME, 0x985bc79c) = 0
[pid  3899] ioctl(23, ASHMEM_SET_SIZE, 0x2000) = 0
[pid  3899] mmap2(NULL, 8192, PROT_READ|PROT_WRITE, MAP_PRIVATE, 23, 0) = 0xb2cf2000
[pid  3899] close(23)                   = 0
[pid  3899] getpriority(PRIO_PROCESS, 0) = 20
[pid  3899] prctl(PR_SET_NAME, 0x985bc9bc, 0xb404d280, 0xa25ce400, 0x1) = 0
[pid  3899] getuid32()                  = 10059
[pid  3899] sched_setscheduler(3899, SCHED_OTHER, { 0 }) = 0
[pid  3899] prctl(0x29 /* PR_??? */, 0, 0xf3b, 0x100, 0xb4235280) = -1 EINVAL (Invalid argument)
[pid  3899] ioctl(10, BINDER_WRITE_READ, 0x985bcbe8) = 0
[pid  3899] sched_setscheduler(3899, SCHED_OTHER, { 0 }) = 0
[pid  3899] prctl(0x29 /* PR_??? */, 0, 0xf3b, 0xb75bdca4, 0xa24f0d70) = -1 EINVAL (Invalid argument)
[pid  3899] ioctl(10, BINDER_WRITE_READ <unfinished ...>
[pid  3886] <... futex resumed> )       = -1 ETIMEDOUT (Connection timed out)
[pid  3886] clock_gettime(CLOCK_MONOTONIC, {157, 786222823}) = 0
[pid  3886] clock_gettime(CLOCK_MONOTONIC, {157, 787292823}) = 0
[pid  3886] futex(0xa242c410, FUTEX_WAKE, 1) = 0
[pid  3886] futex(0xa2580728, FUTEX_WAIT, 0, {1, 0} <unfinished ...>
[pid  3885] <... epoll_pwait resumed> {}, 16, 992, NULL, 8) = 0
[pid  3884] <... epoll_pwait resumed> {}, 16, 1000, NULL, 8) = 0
[pid  3885] clock_gettime(CLOCK_MONOTONIC, {157, 810417823}) = 0
[pid  3884] clock_gettime(CLOCK_MONOTONIC,  <unfinished ...>
[pid  3885] clock_gettime(CLOCK_MONOTONIC,  <unfinished ...>
[pid  3884] <... clock_gettime resumed> {157, 810999823}) = 0
[pid  3885] <... clock_gettime resumed> {157, 811445823}) = 0
[pid  3884] clock_gettime(CLOCK_MONOTONIC,  <unfinished ...>
[pid  3885] getuid32()                  = 10059
[pid  3884] <... clock_gettime resumed> {157, 812404823}) = 0
[pid  3885] epoll_pwait(105,  <unfinished ...>
[pid  3884] getuid32()                  = 10059
[pid  3884] epoll_pwait(96, {}, 16, 0, NULL, 8) = 0
[pid  3884] clock_gettime(CLOCK_MONOTONIC,  <unfinished ...>
[pid  3885] <... epoll_pwait resumed> {}, 16, 0, NULL, 8) = 0
[pid  3884] <... clock_gettime resumed> {157, 813553823}) = 0
[pid  3885] clock_gettime(CLOCK_MONOTONIC,  <unfinished ...>
[pid  3884] epoll_pwait(96,  <unfinished ...>
[pid  3885] <... clock_gettime resumed> {157, 814558823}) = 0
[pid  3885] epoll_pwait(105,  <unfinished ...>
[pid  3889] <... restart_syscall resumed> ) = -1 ETIMEDOUT (Connection timed out)
[pid  3889] clock_gettime(CLOCK_MONOTONIC, {158, 237329823}) = 0
[pid  3889] futex(0xae959200, FUTEX_WAKE, 1) = 0
[pid  3889] futex(0xaebaa988, FUTEX_WAIT, 3, {60, 0} <unfinished ...>
[pid  3724] <... epoll_pwait resumed> {{EPOLLIN, {u32=112, u64=112}}}, 16, -1, NULL, 8) = 1
[pid  3724] recvfrom(112, "h\0\0\0\0\0\0\0\1\0\0\0\0\0\0\0\273s\375\312$\0\0\0\0\0\0\0\304k\34A"..., 26624, MSG_DONTWAIT, NULL, NULL) = 104
[pid  3724] recvfrom(112, 0xa2425000, 26624, 64, 0, 0) = -1 EAGAIN (Try again)
[pid  3724] clock_gettime(CLOCK_MONOTONIC, {158, 277236823}) = 0
[pid  3724] epoll_pwait(17,  <unfinished ...>
[pid  3737] <... restart_syscall resumed> ) = -1 ETIMEDOUT (Connection timed out)
[pid  3737] clock_gettime(CLOCK_MONOTONIC, {158, 674329823}) = 0
[pid  3737] clock_gettime(CLOCK_MONOTONIC, {158, 675313823}) = 0
[pid  3737] futex(0xb408f6e0, FUTEX_WAKE, 1) = 0
[pid  3737] futex(0xb4235148, FUTEX_WAIT, 9, NULL <unfinished ...>
[pid  3886] <... futex resumed> )       = -1 ETIMEDOUT (Connection timed out)
[pid  3886] clock_gettime(CLOCK_MONOTONIC, {158, 791057823}) = 0
[pid  3886] clock_gettime(CLOCK_MONOTONIC, {158, 792282823}) = 0
[pid  3886] futex(0xa242c410, FUTEX_WAKE, 1) = 0
[pid  3886] futex(0xa2580728, FUTEX_WAIT, 0, {1, 0} <unfinished ...>
[pid  3885] <... epoll_pwait resumed> {}, 16, 997, NULL, 8) = 0
[pid  3884] <... epoll_pwait resumed> {}, 16, 999, NULL, 8) = 0
[pid  3885] clock_gettime(CLOCK_MONOTONIC, {158, 820715823}) = 0
[pid  3884] clock_gettime(CLOCK_MONOTONIC,  <unfinished ...>
[pid  3885] clock_gettime(CLOCK_MONOTONIC, {158, 821131823}) = 0
[pid  3885] getuid32()                  = 10059
[pid  3885] epoll_pwait(105, {}, 16, 0, NULL, 8) = 0
[pid  3885] clock_gettime(CLOCK_MONOTONIC, {158, 821298823}) = 0
[pid  3884] <... clock_gettime resumed> {158, 821209823}) = 0
[pid  3885] epoll_pwait(105,  <unfinished ...>
[pid  3884] clock_gettime(CLOCK_MONOTONIC, {158, 822049823}) = 0
[pid  3884] getuid32()                  = 10059
[pid  3884] epoll_pwait(96, {}, 16, 0, NULL, 8) = 0
[pid  3884] clock_gettime(CLOCK_MONOTONIC, {158, 825399823}) = 0
[pid  3884] epoll_pwait(96,  <unfinished ...>
[pid  3724] <... epoll_pwait resumed> {{EPOLLIN, {u32=112, u64=112}}}, 16, -1, NULL, 8) = 1
[pid  3724] recvfrom(112, "h\0\0\0\0\0\0\0\1\0\0\0\0\0\0\0\273\365\353\372$\0\0\0\0\0\0\0\304k\34A"..., 26624, MSG_DONTWAIT, NULL, NULL) = 104
[pid  3724] recvfrom(112, 0xa2425000, 26624, 64, 0, 0) = -1 EAGAIN (Try again)
[pid  3724] clock_gettime(CLOCK_MONOTONIC, {159, 79655823}) = 0
[pid  3724] epoll_pwait(17,  <unfinished ...>
[pid  3886] <... futex resumed> )       = -1 ETIMEDOUT (Connection timed out)
[pid  3886] clock_gettime(CLOCK_MONOTONIC, {159, 800913823}) = 0
[pid  3886] clock_gettime(CLOCK_MONOTONIC, {159, 801558823}) = 0
[pid  3886] futex(0xa242c410, FUTEX_WAKE, 1) = 0
[pid  3886] futex(0xa2580728, FUTEX_WAIT, 0, {1, 0} <unfinished ...>
[pid  3885] <... epoll_pwait resumed> {}, 16, 1000, NULL, 8) = 0
[pid  3884] <... epoll_pwait resumed> {}, 16, 997, NULL, 8) = 0
[pid  3885] clock_gettime(CLOCK_MONOTONIC, {159, 832224823}) = 0
[pid  3884] clock_gettime(CLOCK_MONOTONIC, {159, 832658823}) = 0
[pid  3884] clock_gettime(CLOCK_MONOTONIC, {159, 832729823}) = 0
[pid  3885] clock_gettime(CLOCK_MONOTONIC, {159, 832990823}) = 0
[pid  3885] getuid32( <unfinished ...>
[pid  3884] getuid32( <unfinished ...>
[pid  3885] <... getuid32 resumed> )    = 10059
[pid  3884] <... getuid32 resumed> )    = 10059
[pid  3885] epoll_pwait(105,  <unfinished ...>
[pid  3884] epoll_pwait(96,  <unfinished ...>
[pid  3885] <... epoll_pwait resumed> {}, 16, 0, NULL, 8) = 0
[pid  3884] <... epoll_pwait resumed> {}, 16, 0, NULL, 8) = 0
[pid  3884] clock_gettime(CLOCK_MONOTONIC, {159, 834588823}) = 0
[pid  3885] clock_gettime(CLOCK_MONOTONIC,  <unfinished ...>
[pid  3884] epoll_pwait(96,  <unfinished ...>
[pid  3885] <... clock_gettime resumed> {159, 835539823}) = 0
[pid  3885] epoll_pwait(105,  <unfinished ...>
[pid  3724] <... epoll_pwait resumed> {{EPOLLIN, {u32=112, u64=112}}}, 16, -1, NULL, 8) = 1
[pid  3724] recvfrom(112, "h\0\0\0\0\0\0\0\1\0\0\0\0\0\0\0\243\225\254*%\0\0\0\0\0\0\0\304k\34A"..., 26624, MSG_DONTWAIT, NULL, NULL) = 104
[pid  3724] recvfrom(112, 0xa2425000, 26624, 64, 0, 0) = -1 EAGAIN (Try again)
[pid  3724] clock_gettime(CLOCK_MONOTONIC, {159, 881312823}) = 0
[pid  3724] epoll_pwait(17, {{EPOLLIN, {u32=112, u64=112}}}, 16, -1, NULL, 8) = 1
[pid  3724] recvfrom(112, "h\0\0\0\0\0\0\0\1\0\0\0\0\0\0\0\363\30hZ%\0\0\0\0\0\0\0\304k\34A"..., 26624, MSG_DONTWAIT, NULL, NULL) = 104
[pid  3724] recvfrom(112, 0xa2425000, 26624, 64, 0, 0) = -1 EAGAIN (Try again)
[pid  3724] clock_gettime(CLOCK_MONOTONIC, {160, 681647823}) = 0
[pid  3724] epoll_pwait(17,  <unfinished ...>
[pid  3886] <... futex resumed> )       = -1 ETIMEDOUT (Connection timed out)
[pid  3886] clock_gettime(CLOCK_MONOTONIC, {160, 807136823}) = 0
[pid  3886] clock_gettime(CLOCK_MONOTONIC, {160, 808261823}) = 0
[pid  3886] futex(0xa242c410, FUTEX_WAKE, 1) = 0
[pid  3886] futex(0xa2580728, FUTEX_WAIT, 0, {1, 0} <unfinished ...>
[pid  3885] <... epoll_pwait resumed> {}, 16, 997, NULL, 8) = 0
[pid  3884] <... epoll_pwait resumed> {}, 16, 998, NULL, 8) = 0
[pid  3885] clock_gettime(CLOCK_MONOTONIC,  <unfinished ...>
[pid  3884] clock_gettime(CLOCK_MONOTONIC,  <unfinished ...>
[pid  3885] <... clock_gettime resumed> {160, 842627823}) = 0
[pid  3885] clock_gettime(CLOCK_MONOTONIC,  <unfinished ...>
[pid  3884] <... clock_gettime resumed> {160, 842963823}) = 0
[pid  3885] <... clock_gettime resumed> {160, 843580823}) = 0
[pid  3884] clock_gettime(CLOCK_MONOTONIC,  <unfinished ...>
[pid  3885] getuid32( <unfinished ...>
[pid  3884] <... clock_gettime resumed> {160, 844388823}) = 0
[pid  3885] <... getuid32 resumed> )    = 10059
[pid  3885] epoll_pwait(105,  <unfinished ...>
[pid  3884] getuid32()                  = 10059
[pid  3884] epoll_pwait(96, {}, 16, 0, NULL, 8) = 0
[pid  3884] clock_gettime(CLOCK_MONOTONIC,  <unfinished ...>
[pid  3885] <... epoll_pwait resumed> {}, 16, 0, NULL, 8) = 0
[pid  3884] <... clock_gettime resumed> {160, 845551823}) = 0
[pid  3885] clock_gettime(CLOCK_MONOTONIC,  <unfinished ...>
[pid  3884] epoll_pwait(96,  <unfinished ...>
[pid  3885] <... clock_gettime resumed> {160, 847038823}) = 0
[pid  3885] epoll_pwait(105,  <unfinished ...>
[pid  3724] <... epoll_pwait resumed> {{EPOLLIN, {u32=112, u64=112}}}, 16, -1, NULL, 8) = 1
[pid  3724] recvfrom(112, "h\0\0\0\0\0\0\0\1\0\0\0\0\0\0\0+\363*\212%\0\0\0\0\0\0\0\304k\34A"..., 26624, MSG_DONTWAIT, NULL, NULL) = 104
[pid  3724] recvfrom(112, 0xa2425000, 26624, 64, 0, 0) = -1 EAGAIN (Try again)
[pid  3724] clock_gettime(CLOCK_MONOTONIC, {161, 484634823}) = 0
[pid  3724] epoll_pwait(17,  <unfinished ...>
[pid  3886] <... futex resumed> )       = -1 ETIMEDOUT (Connection timed out)
[pid  3886] clock_gettime(CLOCK_MONOTONIC, {161, 818361823}) = 0
[pid  3886] clock_gettime(CLOCK_MONOTONIC, {161, 821970823}) = 0
[pid  3886] futex(0xa242c410, FUTEX_WAKE, 1) = 0
[pid  3886] futex(0xa2580728, FUTEX_WAIT, 0, {1, 0} <unfinished ...>
[pid  3885] <... epoll_pwait resumed> {}, 16, 996, NULL, 8) = 0
[pid  3885] clock_gettime(CLOCK_MONOTONIC,  <unfinished ...>
[pid  3884] <... epoll_pwait resumed> {}, 16, 999, NULL, 8) = 0
[pid  3885] <... clock_gettime resumed> {161, 854044823}) = 0
[pid  3884] clock_gettime(CLOCK_MONOTONIC, {161, 855531823}) = 0
[pid  3884] clock_gettime(CLOCK_MONOTONIC,  <unfinished ...>
[pid  3885] clock_gettime(CLOCK_MONOTONIC,  <unfinished ...>
[pid  3884] <... clock_gettime resumed> {161, 856105823}) = 0
[pid  3885] <... clock_gettime resumed> {161, 857630823}) = 0
[pid  3884] getuid32( <unfinished ...>
[pid  3885] getuid32( <unfinished ...>
[pid  3884] <... getuid32 resumed> )    = 10059
[pid  3885] <... getuid32 resumed> )    = 10059
[pid  3885] epoll_pwait(105, {}, 16, 0, NULL, 8) = 0
[pid  3885] clock_gettime(CLOCK_MONOTONIC, {161, 870810823}) = 0
[pid  3885] epoll_pwait(105,  <unfinished ...>
[pid  3884] epoll_pwait(96, {}, 16, 0, NULL, 8) = 0
[pid  3884] clock_gettime(CLOCK_MONOTONIC, {161, 877848823}) = 0
[pid  3884] epoll_pwait(96,  <unfinished ...>
[pid  3724] <... epoll_pwait resumed> {{EPOLLIN, {u32=112, u64=112}}}, 16, -1, NULL, 8) = 1
[pid  3724] recvfrom(112, "h\0\0\0\0\0\0\0\1\0\0\0\0\0\0\0\2434\342\271%\0\0\0\0\0\0\0\304k\34A"..., 26624, MSG_DONTWAIT, NULL, NULL) = 104
[pid  3724] recvfrom(112, 0xa2425000, 26624, 64, 0, 0) = -1 EAGAIN (Try again)
[pid  3724] clock_gettime(CLOCK_MONOTONIC, {162, 291812823}) = 0
[pid  3724] epoll_pwait(17,  <unfinished ...>
[pid  3886] <... futex resumed> )       = -1 ETIMEDOUT (Connection timed out)
[pid  3886] clock_gettime(CLOCK_MONOTONIC, {162, 832390823}) = 0
[pid  3886] clock_gettime(CLOCK_MONOTONIC, {162, 833943823}) = 0
[pid  3886] futex(0xa242c410, FUTEX_WAKE, 1) = 0
[pid  3886] futex(0xa2580728, FUTEX_WAIT, 0, {1, 0} <unfinished ...>
[pid  3885] <... epoll_pwait resumed> {}, 16, 987, NULL, 8) = 0
[pid  3884] <... epoll_pwait resumed> {}, 16, 979, NULL, 8) = 0
[pid  3885] clock_gettime(CLOCK_MONOTONIC,  <unfinished ...>
[pid  3884] clock_gettime(CLOCK_MONOTONIC,  <unfinished ...>
[pid  3885] <... clock_gettime resumed> {162, 873900823}) = 0
[pid  3884] <... clock_gettime resumed> {162, 873537823}) = 0
[pid  3885] clock_gettime(CLOCK_MONOTONIC, {162, 875363823}) = 0
[pid  3884] clock_gettime(CLOCK_MONOTONIC,  <unfinished ...>
[pid  3885] getuid32( <unfinished ...>
[pid  3884] <... clock_gettime resumed> {162, 876815823}) = 0
[pid  3884] getuid32()                  = 10059
[pid  3884] epoll_pwait(96, {}, 16, 0, NULL, 8) = 0
[pid  3884] clock_gettime(CLOCK_MONOTONIC, {162, 877996823}) = 0
[pid  3885] <... getuid32 resumed> )    = 10059
[pid  3884] epoll_pwait(96,  <unfinished ...>
[pid  3885] epoll_pwait(105, {}, 16, 0, NULL, 8) = 0
[pid  3885] clock_gettime(CLOCK_MONOTONIC, {162, 882496823}) = 0
[pid  3885] epoll_pwait(105,  <unfinished ...>
[pid  3724] <... epoll_pwait resumed> {{EPOLLIN, {u32=112, u64=112}}}, 16, -1, NULL, 8) = 1
[pid  3724] recvfrom(112, "h\0\0\0\0\0\0\0\1\0\0\0\0\0\0\0003\210\277\351%\0\0\0\0\0\0\0\304k\34A"..., 26624, MSG_DONTWAIT, NULL, NULL) = 104
[pid  3724] recvfrom(112, 0xa2425000, 26624, 64, 0, 0) = -1 EAGAIN (Try again)
[pid  3724] clock_gettime(CLOCK_MONOTONIC, {163, 95106823}) = 0
[pid  3724] epoll_pwait(17,  <unfinished ...>
[pid  3886] <... futex resumed> )       = -1 ETIMEDOUT (Connection timed out)
[pid  3886] clock_gettime(CLOCK_MONOTONIC, {163, 840600823}) = 0
[pid  3886] clock_gettime(CLOCK_MONOTONIC, {163, 842637823}) = 0
[pid  3886] futex(0xa242c410, FUTEX_WAKE, 1) = 0
[pid  3886] futex(0xa2580728, FUTEX_WAIT, 0, {1, 0} <unfinished ...>
[pid  3885] <... epoll_pwait resumed> {}, 16, 993, NULL, 8) = 0
[pid  3884] <... epoll_pwait resumed> {}, 16, 999, NULL, 8) = 0
[pid  3884] clock_gettime(CLOCK_MONOTONIC, {163, 885922823}) = 0
[pid  3884] clock_gettime(CLOCK_MONOTONIC, {163, 886080823}) = 0
[pid  3884] getuid32()                  = 10059
[pid  3884] epoll_pwait(96, {}, 16, 0, NULL, 8) = 0
[pid  3884] clock_gettime(CLOCK_MONOTONIC,  <unfinished ...>
[pid  3885] clock_gettime(CLOCK_MONOTONIC,  <unfinished ...>
[pid  3884] <... clock_gettime resumed> {163, 886323823}) = 0
[pid  3885] <... clock_gettime resumed> {163, 887819823}) = 0
[pid  3724] <... epoll_pwait resumed> {{EPOLLIN, {u32=112, u64=112}}}, 16, -1, NULL, 8) = 1
[pid  3885] clock_gettime(CLOCK_MONOTONIC,  <unfinished ...>
[pid  3724] recvfrom(112,  <unfinished ...>
[pid  3885] <... clock_gettime resumed> {163, 900017823}) = 0
[pid  3884] epoll_pwait(96,  <unfinished ...>
[pid  3724] <... recvfrom resumed> "h\0\0\0\0\0\0\0\1\0\0\0\0\0\0\0\233Cq\31&\0\0\0\0\0\0\0\304k\34A"..., 26624, MSG_DONTWAIT, NULL, NULL) = 104
[pid  3885] getuid32( <unfinished ...>
[pid  3724] recvfrom(112, 0xa2425000, 26624, 64, 0, 0) = -1 EAGAIN (Try again)
[pid  3724] clock_gettime(CLOCK_MONOTONIC,  <unfinished ...>
[pid  3885] <... getuid32 resumed> )    = 10059
[pid  3724] <... clock_gettime resumed> {163, 902735823}) = 0
[pid  3724] epoll_pwait(17,  <unfinished ...>
[pid  3885] epoll_pwait(105, {}, 16, 0, NULL, 8) = 0
[pid  3885] clock_gettime(CLOCK_MONOTONIC, {163, 907429823}) = 0
[pid  3885] epoll_pwait(105,  <unfinished ...>
[pid  3724] <... epoll_pwait resumed> {{EPOLLIN, {u32=112, u64=112}}}, 16, -1, NULL, 8) = 1
[pid  3724] recvfrom(112, "h\0\0\0\0\0\0\0\1\0\0\0\0\0\0\0\263M\37I&\0\0\0\0\0\0\0\304k\34A"..., 26624, MSG_DONTWAIT, NULL, NULL) = 104
[pid  3724] recvfrom(112, 0xa2425000, 26624, 64, 0, 0) = -1 EAGAIN (Try again)
[pid  3724] clock_gettime(CLOCK_MONOTONIC, {164, 692201823}) = 0
[pid  3724] epoll_pwait(17,  <unfinished ...>
[pid  3886] <... futex resumed> )       = -1 ETIMEDOUT (Connection timed out)
[pid  3886] clock_gettime(CLOCK_MONOTONIC, {164, 852884823}) = 0
[pid  3886] clock_gettime(CLOCK_MONOTONIC, {164, 855981823}) = 0
[pid  3886] futex(0xa242c410, FUTEX_WAKE, 1) = 0
[pid  3886] futex(0xa2580728, FUTEX_WAIT, 0, {1, 0} <unfinished ...>
[pid  3885] <... epoll_pwait resumed> {}, 16, 993, NULL, 8) = 0
[pid  3884] <... epoll_pwait resumed> {}, 16, 1000, NULL, 8) = 0
[pid  3884] clock_gettime(CLOCK_MONOTONIC,  <unfinished ...>
[pid  3885] clock_gettime(CLOCK_MONOTONIC,  <unfinished ...>
[pid  3884] <... clock_gettime resumed> {164, 912982823}) = 0
[pid  3885] <... clock_gettime resumed> {164, 914262823}) = 0
[pid  3885] clock_gettime(CLOCK_MONOTONIC,  <unfinished ...>
[pid  3884] clock_gettime(CLOCK_MONOTONIC,  <unfinished ...>
[pid  3885] <... clock_gettime resumed> {164, 916386823}) = 0
[pid  3884] <... clock_gettime resumed> {164, 917150823}) = 0
[pid  3885] getuid32( <unfinished ...>
[pid  3884] getuid32( <unfinished ...>
[pid  3885] <... getuid32 resumed> )    = 10059
[pid  3884] <... getuid32 resumed> )    = 10059
[pid  3885] epoll_pwait(105,  <unfinished ...>
[pid  3884] epoll_pwait(96,  <unfinished ...>
[pid  3885] <... epoll_pwait resumed> {}, 16, 0, NULL, 8) = 0
[pid  3885] clock_gettime(CLOCK_MONOTONIC,  <unfinished ...>
[pid  3884] <... epoll_pwait resumed> {}, 16, 0, NULL, 8) = 0
[pid  3885] <... clock_gettime resumed> {164, 922806823}) = 0
[pid  3884] clock_gettime(CLOCK_MONOTONIC,  <unfinished ...>
[pid  3885] epoll_pwait(105,  <unfinished ...>
[pid  3884] <... clock_gettime resumed> {164, 924520823}) = 0
[pid  3884] epoll_pwait(96,  <unfinished ...>
[pid  3724] <... epoll_pwait resumed> {{EPOLLIN, {u32=112, u64=112}}}, 16, -1, NULL, 8) = 1
[pid  3724] recvfrom(112, "h\0\0\0\0\0\0\0\1\0\0\0\0\0\0\0\353\274\336x&\0\0\0\0\0\0\0\304k\34A"..., 26624, MSG_DONTWAIT, NULL, NULL) = 104
[pid  3724] recvfrom(112, 0xa2425000, 26624, 64, 0, 0) = -1 EAGAIN (Try again)
[pid  3724] clock_gettime(CLOCK_MONOTONIC, {165, 493091823}) = 0
[pid  3724] epoll_pwait(17,  <unfinished ...>
[pid  3886] <... futex resumed> )       = -1 ETIMEDOUT (Connection timed out)
[pid  3886] clock_gettime(CLOCK_MONOTONIC, {165, 876446823}) = 0
[pid  3886] clock_gettime(CLOCK_MONOTONIC, {165, 880767823}) = 0
[pid  3886] futex(0xa242c410, FUTEX_WAKE, 1) = 0
[pid  3886] futex(0xa2580728, FUTEX_WAIT, 0, {1, 0} <unfinished ...>
[pid  3885] <... epoll_pwait resumed> {}, 16, 994, NULL, 8) = 0
[pid  3884] <... epoll_pwait resumed> {}, 16, 993, NULL, 8) = 0
[pid  3885] clock_gettime(CLOCK_MONOTONIC,  <unfinished ...>
[pid  3884] clock_gettime(CLOCK_MONOTONIC,  <unfinished ...>
[pid  3885] <... clock_gettime resumed> {165, 935062823}) = 0
[pid  3884] <... clock_gettime resumed> {165, 934701823}) = 0
[pid  3885] clock_gettime(CLOCK_MONOTONIC,  <unfinished ...>
[pid  3884] clock_gettime(CLOCK_MONOTONIC,  <unfinished ...>
[pid  3885] <... clock_gettime resumed> {165, 937046823}) = 0
[pid  3885] getuid32( <unfinished ...>
[pid  3884] <... clock_gettime resumed> {165, 937557823}) = 0
[pid  3885] <... getuid32 resumed> )    = 10059
[pid  3884] getuid32( <unfinished ...>
[pid  3885] epoll_pwait(105,  <unfinished ...>
[pid  3884] <... getuid32 resumed> )    = 10059
[pid  3885] <... epoll_pwait resumed> {}, 16, 0, NULL, 8) = 0
[pid  3884] epoll_pwait(96, {}, 16, 0, NULL, 8) = 0
[pid  3884] clock_gettime(CLOCK_MONOTONIC, {165, 941326823}) = 0
[pid  3884] epoll_pwait(96,  <unfinished ...>
[pid  3885] clock_gettime(CLOCK_MONOTONIC, {165, 942324823}) = 0
[pid  3885] epoll_pwait(105,  <unfinished ...>
[pid  3724] <... epoll_pwait resumed> {{EPOLLIN, {u32=112, u64=112}}}, 16, -1, NULL, 8) = 1
[pid  3724] recvfrom(112, "h\0\0\0\0\0\0\0\1\0\0\0\0\0\0\0\313\222\262\250&\0\0\0\0\0\0\0\304k\34A"..., 26624, MSG_DONTWAIT, NULL, NULL) = 104
[pid  3724] recvfrom(112, 0xa2425000, 26624, 64, 0, 0) = -1 EAGAIN (Try again)
[pid  3724] clock_gettime(CLOCK_MONOTONIC, {166, 290566823}) = 0
[pid  3724] epoll_pwait(17,  <unfinished ...>
[pid  3886] <... futex resumed> )       = -1 ETIMEDOUT (Connection timed out)
[pid  3886] clock_gettime(CLOCK_MONOTONIC, {166, 892873823}) = 0
[pid  3886] clock_gettime(CLOCK_MONOTONIC, {166, 895035823}) = 0
[pid  3886] futex(0xa242c410, FUTEX_WAKE, 1) = 0
[pid  3886] futex(0xa2580728, FUTEX_WAIT, 0, {1, 0} <unfinished ...>
[pid  3885] <... epoll_pwait resumed> {}, 16, 995, NULL, 8) = 0
[pid  3884] <... epoll_pwait resumed> {}, 16, 996, NULL, 8) = 0
[pid  3884] clock_gettime(CLOCK_MONOTONIC,  <unfinished ...>
[pid  3885] clock_gettime(CLOCK_MONOTONIC,  <unfinished ...>
[pid  3884] <... clock_gettime resumed> {166, 949503823}) = 0
[pid  3885] <... clock_gettime resumed> {166, 949887823}) = 0
[pid  3885] clock_gettime(CLOCK_MONOTONIC,  <unfinished ...>
[pid  3884] clock_gettime(CLOCK_MONOTONIC, {166, 950919823}) = 0
[pid  3885] <... clock_gettime resumed> {166, 951647823}) = 0
[pid  3885] getuid32( <unfinished ...>
[pid  3884] getuid32( <unfinished ...>
[pid  3885] <... getuid32 resumed> )    = 10059
[pid  3884] <... getuid32 resumed> )    = 10059
[pid  3885] epoll_pwait(105,  <unfinished ...>
[pid  3884] epoll_pwait(96, {}, 16, 0, NULL, 8) = 0
[pid  3884] clock_gettime(CLOCK_MONOTONIC, {166, 953756823}) = 0
[pid  3885] <... epoll_pwait resumed> {}, 16, 0, NULL, 8) = 0
[pid  3884] epoll_pwait(96,  <unfinished ...>
[pid  3885] clock_gettime(CLOCK_MONOTONIC, {166, 955186823}) = 0
[pid  3885] epoll_pwait(105,  <unfinished ...>
[pid  3724] <... epoll_pwait resumed> {{EPOLLIN, {u32=112, u64=112}}}, 16, -1, NULL, 8) = 1
[pid  3724] recvfrom(112, "h\0\0\0\0\0\0\0\1\0\0\0\0\0\0\0\v\246\216\330&\0\0\0\0\0\0\0\304k\34A"..., 26624, MSG_DONTWAIT, NULL, NULL) = 104
[pid  3724] recvfrom(112, 0xa2425000, 26624, 64, 0, 0) = -1 EAGAIN (Try again)
[pid  3724] clock_gettime(CLOCK_MONOTONIC, {167, 100004823}) = 0
[pid  3724] epoll_pwait(17, {{EPOLLIN, {u32=112, u64=112}}}, 16, -1, NULL, 8) = 1
[pid  3724] recvfrom(112, "h\0\0\0\0\0\0\0\1\0\0\0\0\0\0\0;\261P\10'\0\0\0\0\0\0\0\304k\34A"..., 26624, MSG_DONTWAIT, NULL, NULL) = 104
[pid  3724] recvfrom(112, 0xa2425000, 26624, 64, 0, 0) = -1 EAGAIN (Try again)
[pid  3886] <... futex resumed> )       = -1 ETIMEDOUT (Connection timed out)
[pid  3724] clock_gettime(CLOCK_MONOTONIC, {167, 900654823}) = 0
[pid  3724] epoll_pwait(17,  <unfinished ...>
[pid  3886] clock_gettime(CLOCK_MONOTONIC, {167, 901500823}) = 0
[pid  3886] clock_gettime(CLOCK_MONOTONIC, {167, 904019823}) = 0
[pid  3886] futex(0xa242c410, FUTEX_WAKE, 1) = 0
[pid  3886] futex(0xa2580728, FUTEX_WAIT, 0, {1, 0} <unfinished ...>
[pid  3885] <... epoll_pwait resumed> {}, 16, 996, NULL, 8) = 0
[pid  3884] <... epoll_pwait resumed> {}, 16, 997, NULL, 8) = 0
[pid  3885] clock_gettime(CLOCK_MONOTONIC, {167, 961770823}) = 0
[pid  3884] clock_gettime(CLOCK_MONOTONIC,  <unfinished ...>
[pid  3885] clock_gettime(CLOCK_MONOTONIC,  <unfinished ...>
[pid  3884] <... clock_gettime resumed> {167, 963065823}) = 0
[pid  3885] <... clock_gettime resumed> {167, 965707823}) = 0
[pid  3884] clock_gettime(CLOCK_MONOTONIC,  <unfinished ...>
[pid  3885] getuid32( <unfinished ...>
[pid  3884] <... clock_gettime resumed> {167, 966575823}) = 0
[pid  3885] <... getuid32 resumed> )    = 10059
[pid  3884] getuid32( <unfinished ...>
[pid  3885] epoll_pwait(105,  <unfinished ...>
[pid  3884] <... getuid32 resumed> )    = 10059
[pid  3885] <... epoll_pwait resumed> {}, 16, 0, NULL, 8) = 0
[pid  3884] epoll_pwait(96, {}, 16, 0, NULL, 8) = 0
[pid  3884] clock_gettime(CLOCK_MONOTONIC,  <unfinished ...>
[pid  3885] clock_gettime(CLOCK_MONOTONIC,  <unfinished ...>
[pid  3884] <... clock_gettime resumed> {167, 971751823}) = 0
[pid  3884] epoll_pwait(96,  <unfinished ...>
[pid  3885] <... clock_gettime resumed> {167, 972824823}) = 0
[pid  3885] epoll_pwait(105,  <unfinished ...>
[pid  3724] <... epoll_pwait resumed> {{EPOLLIN, {u32=112, u64=112}}}, 16, -1, NULL, 8) = 1
[pid  3724] recvfrom(112, "h\0\0\0\0\0\0\0\1\0\0\0\0\0\0\0\233Y68'\0\0\0\0\0\0\0\304k\34A"..., 26624, MSG_DONTWAIT, NULL, NULL) = 104
[pid  3724] recvfrom(112, 0xa2425000, 26624, 64, 0, 0) = -1 EAGAIN (Try again)
[pid  3724] clock_gettime(CLOCK_MONOTONIC, {168, 698534823}) = 0
[pid  3724] epoll_pwait(17,  <unfinished ...>
[pid  3886] <... futex resumed> )       = -1 ETIMEDOUT (Connection timed out)
[pid  3886] clock_gettime(CLOCK_MONOTONIC, {168, 914502823}) = 0
[pid  3886] clock_gettime(CLOCK_MONOTONIC, {168, 915868823}) = 0
[pid  3886] futex(0xa242c410, FUTEX_WAKE, 1) = 0
[pid  3886] futex(0xa2580728, FUTEX_WAIT, 0, {1, 0} <unfinished ...>
[pid  3885] <... epoll_pwait resumed> {}, 16, 993, NULL, 8) = 0
[pid  3884] <... epoll_pwait resumed> {}, 16, 995, NULL, 8) = 0
[pid  3885] clock_gettime(CLOCK_MONOTONIC, {168, 977796823}) = 0
[pid  3884] clock_gettime(CLOCK_MONOTONIC,  <unfinished ...>
[pid  3885] clock_gettime(CLOCK_MONOTONIC,  <unfinished ...>
[pid  3884] <... clock_gettime resumed> {168, 978546823}) = 0
[pid  3885] <... clock_gettime resumed> {168, 979092823}) = 0
[pid  3885] getuid32( <unfinished ...>
[pid  3884] clock_gettime(CLOCK_MONOTONIC,  <unfinished ...>
[pid  3885] <... getuid32 resumed> )    = 10059
[pid  3884] <... clock_gettime resumed> {168, 980072823}) = 0
[pid  3885] epoll_pwait(105, {}, 16, 0, NULL, 8) = 0
[pid  3885] clock_gettime(CLOCK_MONOTONIC, {168, 980653823}) = 0
[pid  3885] epoll_pwait(105,  <unfinished ...>
[pid  3884] getuid32()                  = 10059
[pid  3884] epoll_pwait(96, {}, 16, 0, NULL, 8) = 0
[pid  3884] clock_gettime(CLOCK_MONOTONIC, {168, 983314823}) = 0
[pid  3884] epoll_pwait(96,  <unfinished ...>
[pid  3724] <... epoll_pwait resumed> {{EPOLLIN, {u32=112, u64=112}}}, 16, -1, NULL, 8) = 1
[pid  3724] recvfrom(112, "h\0\0\0\0\0\0\0\1\0\0\0\0\0\0\0\333\235\365g'\0\0\0\0\0\0\0\304k\34A"..., 26624, MSG_DONTWAIT, NULL, NULL) = 104
[pid  3724] recvfrom(112, 0xa2425000, 26624, 64, 0, 0) = -1 EAGAIN (Try again)
[pid  3724] clock_gettime(CLOCK_MONOTONIC, {169, 504848823}) = 0
[pid  3724] epoll_pwait(17,  <unfinished ...>
[pid  3886] <... futex resumed> )       = -1 ETIMEDOUT (Connection timed out)
[pid  3886] clock_gettime(CLOCK_MONOTONIC, {169, 921657823}) = 0
[pid  3886] clock_gettime(CLOCK_MONOTONIC, {169, 922886823}) = 0
[pid  3886] futex(0xa242c410, FUTEX_WAKE, 1) = 0
[pid  3886] futex(0xa2580728, FUTEX_WAIT, 0, {1, 0} <unfinished ...>
[pid  3885] <... epoll_pwait resumed> {}, 16, 999, NULL, 8) = 0
[pid  3884] <... epoll_pwait resumed> {}, 16, 997, NULL, 8) = 0
[pid  3885] clock_gettime(CLOCK_MONOTONIC,  <unfinished ...>
[pid  3884] clock_gettime(CLOCK_MONOTONIC,  <unfinished ...>
[pid  3885] <... clock_gettime resumed> {169, 988802823}) = 0
[pid  3884] <... clock_gettime resumed> {169, 988920823}) = 0
[pid  3885] clock_gettime(CLOCK_MONOTONIC,  <unfinished ...>
[pid  3884] clock_gettime(CLOCK_MONOTONIC,  <unfinished ...>
[pid  3885] <... clock_gettime resumed> {169, 989765823}) = 0
[pid  3884] <... clock_gettime resumed> {169, 989839823}) = 0
[pid  3885] getuid32( <unfinished ...>
[pid  3884] getuid32()                  = 10059
[pid  3885] <... getuid32 resumed> )    = 10059
[pid  3884] epoll_pwait(96,  <unfinished ...>
[pid  3885] epoll_pwait(105,  <unfinished ...>
[pid  3884] <... epoll_pwait resumed> {}, 16, 0, NULL, 8) = 0
[pid  3885] <... epoll_pwait resumed> {}, 16, 0, NULL, 8) = 0
[pid  3884] clock_gettime(CLOCK_MONOTONIC, {169, 992247823}) = 0
[pid  3884] epoll_pwait(96,  <unfinished ...>
[pid  3885] clock_gettime(CLOCK_MONOTONIC, {169, 993008823}) = 0
[pid  3885] epoll_pwait(105,  <unfinished ...>
[pid  3724] <... epoll_pwait resumed> {{EPOLLIN, {u32=112, u64=112}}}, 16, -1, NULL, 8) = 1
[pid  3724] recvfrom(112, "h\0\0\0\0\0\0\0\1\0\0\0\0\0\0\0003U\266\227'\0\0\0\0\0\0\0\304k\34A"..., 26624, MSG_DONTWAIT, NULL, NULL) = 104
[pid  3724] recvfrom(112, 0xa2425000, 26624, 64, 0, 0) = -1 EAGAIN (Try again)
[pid  3724] clock_gettime(CLOCK_MONOTONIC, {170, 304514823}) = 0
[pid  3724] epoll_pwait(17,  <unfinished ...>
[pid  3886] <... futex resumed> )       = -1 ETIMEDOUT (Connection timed out)
[pid  3886] clock_gettime(CLOCK_MONOTONIC, {170, 933160823}) = 0
[pid  3886] clock_gettime(CLOCK_MONOTONIC, {170, 936056823}) = 0
[pid  3886] futex(0xa242c410, FUTEX_WAKE, 1) = 0
[pid  3886] futex(0xa2580728, FUTEX_WAIT, 0, {1, 0} <unfinished ...>
[pid  3885] <... epoll_pwait resumed> {}, 16, 996, NULL, 8) = 0
[pid  3884] <... epoll_pwait resumed> {}, 16, 997, NULL, 8) = 0
[pid  3885] clock_gettime(CLOCK_MONOTONIC,  <unfinished ...>
[pid  3884] clock_gettime(CLOCK_MONOTONIC,  <unfinished ...>
[pid  3885] <... clock_gettime resumed> {171, 6395823}) = 0
[pid  3884] <... clock_gettime resumed> {171, 6547823}) = 0
[pid  3884] clock_gettime(CLOCK_MONOTONIC,  <unfinished ...>
[pid  3885] clock_gettime(CLOCK_MONOTONIC,  <unfinished ...>
[pid  3884] <... clock_gettime resumed> {171, 9512823}) = 0
[pid  3884] getuid32( <unfinished ...>
[pid  3885] <... clock_gettime resumed> {171, 11868823}) = 0
[pid  3885] getuid32( <unfinished ...>
[pid  3884] <... getuid32 resumed> )    = 10059
[pid  3885] <... getuid32 resumed> )    = 10059
[pid  3884] epoll_pwait(96,  <unfinished ...>
[pid  3885] epoll_pwait(105,  <unfinished ...>
[pid  3884] <... epoll_pwait resumed> {}, 16, 0, NULL, 8) = 0
[pid  3884] clock_gettime(CLOCK_MONOTONIC, {171, 15766823}) = 0
[pid  3885] <... epoll_pwait resumed> {}, 16, 0, NULL, 8) = 0
[pid  3885] clock_gettime(CLOCK_MONOTONIC,  <unfinished ...>
[pid  3884] epoll_pwait(96,  <unfinished ...>
[pid  3885] <... clock_gettime resumed> {171, 17560823}) = 0
[pid  3885] epoll_pwait(105,  <unfinished ...>
[pid  3724] <... epoll_pwait resumed> {{EPOLLIN, {u32=112, u64=112}}}, 16, -1, NULL, 8) = 1
[pid  3724] recvfrom(112, "h\0\0\0\0\0\0\0\1\0\0\0\0\0\0\0\23\313\231\307'\0\0\0\0\0\0\0\304k\34A"..., 26624, MSG_DONTWAIT, NULL, NULL) = 104
[pid  3724] recvfrom(112, 0xa2425000, 26624, 64, 0, 0) = -1 EAGAIN (Try again)
[pid  3724] clock_gettime(CLOCK_MONOTONIC, {171, 109880823}) = 0
[pid  3724] epoll_pwait(17, {{EPOLLIN, {u32=112, u64=112}}}, 16, -1, NULL, 8) = 1
[pid  3724] recvfrom(112, "h\0\0\0\0\0\0\0\1\0\0\0\0\0\0\0\363\212G\367'\0\0\0\0\0\0\0\304k\34A"..., 26624, MSG_DONTWAIT, NULL, NULL) = 104
[pid  3724] recvfrom(112, 0xa2425000, 26624, 64, 0, 0) = -1 EAGAIN (Try again)
[pid  3724] clock_gettime(CLOCK_MONOTONIC, {171, 904738823}) = 0
[pid  3724] epoll_pwait(17,  <unfinished ...>
[pid  3886] <... futex resumed> )       = -1 ETIMEDOUT (Connection timed out)
[pid  3886] clock_gettime(CLOCK_MONOTONIC, {171, 945170823}) = 0
[pid  3886] clock_gettime(CLOCK_MONOTONIC, {171, 947092823}) = 0
[pid  3886] futex(0xa242c410, FUTEX_WAKE, 1) = 0
[pid  3886] futex(0xa2580728, FUTEX_WAIT, 0, {1, 0} <unfinished ...>
[pid  3885] <... epoll_pwait resumed> {}, 16, 994, NULL, 8) = 0
[pid  3884] <... epoll_pwait resumed> {}, 16, 994, NULL, 8) = 0
[pid  3885] clock_gettime(CLOCK_MONOTONIC,  <unfinished ...>
[pid  3884] clock_gettime(CLOCK_MONOTONIC,  <unfinished ...>
[pid  3885] <... clock_gettime resumed> {172, 19968823}) = 0
[pid  3884] <... clock_gettime resumed> {172, 20510823}) = 0
[pid  3885] clock_gettime(CLOCK_MONOTONIC,  <unfinished ...>
[pid  3884] clock_gettime(CLOCK_MONOTONIC, {172, 21564823}) = 0
[pid  3884] getuid32( <unfinished ...>
[pid  3885] <... clock_gettime resumed> {172, 21650823}) = 0
[pid  3885] getuid32( <unfinished ...>
[pid  3884] <... getuid32 resumed> )    = 10059
[pid  3885] <... getuid32 resumed> )    = 10059
[pid  3884] epoll_pwait(96,  <unfinished ...>
[pid  3885] epoll_pwait(105,  <unfinished ...>
[pid  3884] <... epoll_pwait resumed> {}, 16, 0, NULL, 8) = 0
[pid  3885] <... epoll_pwait resumed> {}, 16, 0, NULL, 8) = 0
[pid  3885] clock_gettime(CLOCK_MONOTONIC,  <unfinished ...>
[pid  3884] clock_gettime(CLOCK_MONOTONIC,  <unfinished ...>
[pid  3885] <... clock_gettime resumed> {172, 25501823}) = 0
[pid  3884] <... clock_gettime resumed> {172, 25496823}) = 0
[pid  3885] epoll_pwait(105,  <unfinished ...>
[pid  3884] epoll_pwait(96,  <unfinished ...>
[pid  3724] <... epoll_pwait resumed> {{EPOLLIN, {u32=112, u64=112}}}, 16, -1, NULL, 8) = 1
[pid  3724] recvfrom(112, "h\0\0\0\0\0\0\0\1\0\0\0\0\0\0\0Sq\371&(\0\0\0\0\0\0\0\304k\34A"..., 26624, MSG_DONTWAIT, NULL, NULL) = 104
[pid  3724] recvfrom(112, 0xa2425000, 26624, 64, 0, 0) = -1 EAGAIN (Try again)
[pid  3724] clock_gettime(CLOCK_MONOTONIC, {172, 703934823}) = 0
[pid  3724] epoll_pwait(17,  <unfinished ...>
[pid  3886] <... futex resumed> )       = -1 ETIMEDOUT (Connection timed out)
[pid  3886] clock_gettime(CLOCK_MONOTONIC, {172, 958838823}) = 0
[pid  3886] clock_gettime(CLOCK_MONOTONIC, {172, 962991823}) = 0
[pid  3886] futex(0xa242c410, FUTEX_WAKE, 1) = 0
[pid  3886] futex(0xa2580728, FUTEX_WAIT, 0, {1, 0} <unfinished ...>
[pid  3885] <... epoll_pwait resumed> {}, 16, 996, NULL, 8) = 0
[pid  3884] <... epoll_pwait resumed> {}, 16, 996, NULL, 8) = 0
[pid  3885] clock_gettime(CLOCK_MONOTONIC,  <unfinished ...>
[pid  3884] clock_gettime(CLOCK_MONOTONIC,  <unfinished ...>
[pid  3885] <... clock_gettime resumed> {173, 33107823}) = 0
[pid  3884] <... clock_gettime resumed> {173, 33156823}) = 0
[pid  3885] clock_gettime(CLOCK_MONOTONIC,  <unfinished ...>
[pid  3884] clock_gettime(CLOCK_MONOTONIC, {173, 34591823}) = 0
[pid  3884] getuid32()                  = 10059
[pid  3885] <... clock_gettime resumed> {173, 34927823}) = 0
[pid  3884] epoll_pwait(96, {}, 16, 0, NULL, 8) = 0
[pid  3884] clock_gettime(CLOCK_MONOTONIC, {173, 35255823}) = 0
[pid  3885] getuid32( <unfinished ...>
[pid  3884] epoll_pwait(96,  <unfinished ...>
[pid  3885] <... getuid32 resumed> )    = 10059
[pid  3885] epoll_pwait(105, {}, 16, 0, NULL, 8) = 0
[pid  3885] clock_gettime(CLOCK_MONOTONIC, {173, 39814823}) = 0
[pid  3885] epoll_pwait(105,  <unfinished ...>
[pid  3724] <... epoll_pwait resumed> {{EPOLLIN, {u32=112, u64=112}}}, 16, -1, NULL, 8) = 1
[pid  3724] recvfrom(112, "h\0\0\0\0\0\0\0\1\0\0\0\0\0\0\0\3\236\253V(\0\0\0\0\0\0\0\304k\34A"..., 26624, MSG_DONTWAIT, NULL, NULL) = 104
[pid  3724] recvfrom(112, 0xa2425000, 26624, 64, 0, 0) = -1 EAGAIN (Try again)
