[pid  3724] clock_gettime(CLOCK_MONOTONIC, {173, 512572823}) = 0
[pid  3724] epoll_pwait(17,  <unfinished ...>
[pid  3886] <... futex resumed> )       = -1 ETIMEDOUT (Connection timed out)
[pid  3886] clock_gettime(CLOCK_MONOTONIC, {173, 973990823}) = 0
[pid  3886] clock_gettime(CLOCK_MONOTONIC, {173, 975497823}) = 0
[pid  3886] futex(0xa242c410, FUTEX_WAKE, 1) = 0
[pid  3886] futex(0xa2580728, FUTEX_WAIT, 0, {1, 0} <unfinished ...>
[pid  3885] <... epoll_pwait resumed> {}, 16, 995, NULL, 8) = 0
[pid  3884] <... epoll_pwait resumed> {}, 16, 999, NULL, 8) = 0
[pid  3885] clock_gettime(CLOCK_MONOTONIC, {174, 46460823}) = 0
[pid  3884] clock_gettime(CLOCK_MONOTONIC,  <unfinished ...>
[pid  3885] clock_gettime(CLOCK_MONOTONIC, {174, 47369823}) = 0
[pid  3884] <... clock_gettime resumed> {174, 47294823}) = 0
[pid  3885] getuid32( <unfinished ...>
[pid  3884] clock_gettime(CLOCK_MONOTONIC,  <unfinished ...>
[pid  3885] <... getuid32 resumed> )    = 10059
[pid  3885] epoll_pwait(105,  <unfinished ...>
[pid  3884] <... clock_gettime resumed> {174, 48877823}) = 0
[pid  3885] <... epoll_pwait resumed> {}, 16, 0, NULL, 8) = 0
[pid  3884] getuid32( <unfinished ...>
[pid  3885] clock_gettime(CLOCK_MONOTONIC,  <unfinished ...>
[pid  3884] <... getuid32 resumed> )    = 10059
[pid  3885] <... clock_gettime resumed> {174, 52212823}) = 0
[pid  3884] epoll_pwait(96,  <unfinished ...>
[pid  3885] epoll_pwait(105,  <unfinished ...>
[pid  3884] <... epoll_pwait resumed> {}, 16, 0, NULL, 8) = 0
[pid  3884] clock_gettime(CLOCK_MONOTONIC, {174, 54639823}) = 0
[pid  3884] epoll_pwait(96,  <unfinished ...>
[pid  3724] <... epoll_pwait resumed> {{EPOLLIN, {u32=112, u64=112}}}, 16, -1, NULL, 8) = 1
[pid  3724] recvfrom(112, "h\0\0\0\0\0\0\0\1\0\0\0\0\0\0\0\263@t\206(\0\0\0\0\0\0\0\304k\34A"..., 26624, MSG_DONTWAIT, NULL, NULL) = 104
[pid  3724] recvfrom(112, 0xa2425000, 26624, 64, 0, 0) = -1 EAGAIN (Try again)
[pid  3724] clock_gettime(CLOCK_MONOTONIC, {174, 307848823}) = 0
[pid  3724] epoll_pwait(17,  <unfinished ...>
[pid  3886] <... futex resumed> )       = -1 ETIMEDOUT (Connection timed out)
[pid  3886] clock_gettime(CLOCK_MONOTONIC, {174, 985035823}) = 0
[pid  3886] clock_gettime(CLOCK_MONOTONIC, {174, 986997823}) = 0
[pid  3886] futex(0xa242c410, FUTEX_WAKE, 1) = 0
[pid  3886] futex(0xa2580728, FUTEX_WAIT, 0, {1, 0} <unfinished ...>
[pid  3885] <... epoll_pwait resumed> {}, 16, 995, NULL, 8) = 0
[pid  3885] clock_gettime(CLOCK_MONOTONIC, {175, 57309823}) = 0
[pid  3884] <... epoll_pwait resumed> {}, 16, 994, NULL, 8) = 0
[pid  3885] clock_gettime(CLOCK_MONOTONIC, {175, 58327823}) = 0
[pid  3885] getuid32()                  = 10059
[pid  3884] clock_gettime(CLOCK_MONOTONIC,  <unfinished ...>
[pid  3885] epoll_pwait(105,  <unfinished ...>
[pid  3884] <... clock_gettime resumed> {175, 58681823}) = 0
[pid  3885] <... epoll_pwait resumed> {}, 16, 0, NULL, 8) = 0
[pid  3884] clock_gettime(CLOCK_MONOTONIC,  <unfinished ...>
[pid  3885] clock_gettime(CLOCK_MONOTONIC,  <unfinished ...>
[pid  3884] <... clock_gettime resumed> {175, 60425823}) = 0
[pid  3885] <... clock_gettime resumed> {175, 60871823}) = 0
[pid  3884] getuid32( <unfinished ...>
[pid  3885] epoll_pwait(105,  <unfinished ...>
[pid  3884] <... getuid32 resumed> )    = 10059
[pid  3884] epoll_pwait(96, {}, 16, 0, NULL, 8) = 0
[pid  3884] clock_gettime(CLOCK_MONOTONIC, {175, 64164823}) = 0
[pid  3884] epoll_pwait(96,  <unfinished ...>
[pid  3724] <... epoll_pwait resumed> {{EPOLLIN, {u32=112, u64=112}}}, 16, -1, NULL, 8) = 1
[pid  3724] recvfrom(112, "h\0\0\0\0\0\0\0\1\0\0\0\0\0\0\0\363\21[\266(\0\0\0\0\0\0\0\304k\34A"..., 26624, MSG_DONTWAIT, NULL, NULL) = 104
[pid  3724] recvfrom(112, 0xa2425000, 26624, 64, 0, 0) = -1 EAGAIN (Try again)
[pid  3724] clock_gettime(CLOCK_MONOTONIC, {175, 112414823}) = 0
[pid  3724] epoll_pwait(17, {{EPOLLIN, {u32=112, u64=112}}}, 16, -1, NULL, 8) = 1
[pid  3724] recvfrom(112, "h\0\0\0\0\0\0\0\1\0\0\0\0\0\0\0\363M+\346(\0\0\0\0\0\0\0\304k\34A"..., 26624, MSG_DONTWAIT, NULL, NULL) = 104
[pid  3724] recvfrom(112, 0xa2425000, 26624, 64, 0, 0) = -1 EAGAIN (Try again)
[pid  3724] clock_gettime(CLOCK_MONOTONIC, {175, 912384823}) = 0
[pid  3724] epoll_pwait(17,  <unfinished ...>
[pid  3886] <... futex resumed> )       = -1 ETIMEDOUT (Connection timed out)
[pid  3886] clock_gettime(CLOCK_MONOTONIC, {175, 996731823}) = 0
[pid  3886] clock_gettime(CLOCK_MONOTONIC, {175, 998285823}) = 0
[pid  3886] futex(0xa242c410, FUTEX_WAKE, 1) = 0
[pid  3886] futex(0xa2580728, FUTEX_WAIT, 0, {1, 0} <unfinished ...>
[pid  3885] <... epoll_pwait resumed> {}, 16, 998, NULL, 8) = 0
[pid  3885] clock_gettime(CLOCK_MONOTONIC, {176, 67401823}) = 0
[pid  3884] <... epoll_pwait resumed> {}, 16, 996, NULL, 8) = 0
[pid  3885] clock_gettime(CLOCK_MONOTONIC,  <unfinished ...>
[pid  3884] clock_gettime(CLOCK_MONOTONIC,  <unfinished ...>
[pid  3885] <... clock_gettime resumed> {176, 68643823}) = 0
[pid  3884] <... clock_gettime resumed> {176, 68880823}) = 0
[pid  3885] getuid32()                  = 10059
[pid  3885] sched_yield()               = 0
[pid  3884] clock_gettime(CLOCK_MONOTONIC,  <unfinished ...>
[pid  3885] epoll_pwait(105,  <unfinished ...>
[pid  3884] <... clock_gettime resumed> {176, 69345823}) = 0
[pid  3885] <... epoll_pwait resumed> {}, 16, 0, NULL, 8) = 0
[pid  3885] clock_gettime(CLOCK_MONOTONIC,  <unfinished ...>
[pid  3884] getuid32()                  = 10059
[pid  3885] <... clock_gettime resumed> {176, 70996823}) = 0
[pid  3884] epoll_pwait(96, {}, 16, 0, NULL, 8) = 0
[pid  3885] epoll_pwait(105,  <unfinished ...>
[pid  3884] clock_gettime(CLOCK_MONOTONIC, {176, 72964823}) = 0
[pid  3884] epoll_pwait(96,  <unfinished ...>
[pid  3724] <... epoll_pwait resumed> {{EPOLLIN, {u32=112, u64=112}}}, 16, -1, NULL, 8) = 1
[pid  3724] recvfrom(112, "h\0\0\0\0\0\0\0\1\0\0\0\0\0\0\0\243\235\354\25)\0\0\0\0\0\0\0\304k\34A"..., 26624, MSG_DONTWAIT, NULL, NULL) = 104
[pid  3724] recvfrom(112, 0xa2425000, 26624, 64, 0, 0) = -1 EAGAIN (Try again)
[pid  3724] clock_gettime(CLOCK_MONOTONIC, {176, 713336823}) = 0
[pid  3724] epoll_pwait(17,  <unfinished ...>
[pid  3886] <... futex resumed> )       = -1 ETIMEDOUT (Connection timed out)
[pid  3886] clock_gettime(CLOCK_MONOTONIC, {177, 9012823}) = 0
[pid  3886] clock_gettime(CLOCK_MONOTONIC, {177, 11764823}) = 0
[pid  3886] futex(0xa242c410, FUTEX_WAKE, 1) = 0
[pid  3886] futex(0xa2580728, FUTEX_WAIT, 0, {1, 0} <unfinished ...>
[pid  3885] <... epoll_pwait resumed> {}, 16, 998, NULL, 8) = 0
[pid  3884] <... epoll_pwait resumed> {}, 16, 997, NULL, 8) = 0
[pid  3884] clock_gettime(CLOCK_MONOTONIC, {177, 81150823}) = 0
[pid  3885] clock_gettime(CLOCK_MONOTONIC,  <unfinished ...>
[pid  3884] clock_gettime(CLOCK_MONOTONIC,  <unfinished ...>
[pid  3885] <... clock_gettime resumed> {177, 82381823}) = 0
[pid  3885] clock_gettime(CLOCK_MONOTONIC,  <unfinished ...>
[pid  3884] <... clock_gettime resumed> {177, 82845823}) = 0
[pid  3885] <... clock_gettime resumed> {177, 84326823}) = 0
[pid  3884] getuid32( <unfinished ...>
[pid  3885] getuid32( <unfinished ...>
[pid  3884] <... getuid32 resumed> )    = 10059
[pid  3885] <... getuid32 resumed> )    = 10059
[pid  3884] epoll_pwait(96,  <unfinished ...>
[pid  3885] epoll_pwait(105,  <unfinished ...>
[pid  3884] <... epoll_pwait resumed> {}, 16, 0, NULL, 8) = 0
[pid  3885] <... epoll_pwait resumed> {}, 16, 0, NULL, 8) = 0
[pid  3885] clock_gettime(CLOCK_MONOTONIC, {177, 89257823}) = 0
[pid  3885] epoll_pwait(105,  <unfinished ...>
[pid  3884] clock_gettime(CLOCK_MONOTONIC, {177, 89901823}) = 0
[pid  3884] epoll_pwait(96,  <unfinished ...>
[pid  3724] <... epoll_pwait resumed> {{EPOLLIN, {u32=112, u64=112}}}, 16, -1, NULL, 8) = 1
[pid  3724] recvfrom(112, "h\0\0\0\0\0\0\0\1\0\0\0\0\0\0\0\vP\336E)\0\0\0\0\0\0\0\304k\34A"..., 26624, MSG_DONTWAIT, NULL, NULL) = 104
[pid  3724] recvfrom(112, 0xa2425000, 26624, 64, 0, 0) = -1 EAGAIN (Try again)
[pid  3724] clock_gettime(CLOCK_MONOTONIC, {177, 522598823}) = 0
[pid  3724] epoll_pwait(17,  <unfinished ...>
[pid  3886] <... futex resumed> )       = -1 ETIMEDOUT (Connection timed out)
[pid  3886] clock_gettime(CLOCK_MONOTONIC, {178, 20327823}) = 0
[pid  3886] clock_gettime(CLOCK_MONOTONIC, {178, 22659823}) = 0
[pid  3886] futex(0xa242c410, FUTEX_WAKE, 1) = 0
[pid  3886] futex(0xa2580728, FUTEX_WAIT, 0, {1, 0} <unfinished ...>
[pid  3885] <... epoll_pwait resumed> {}, 16, 995, NULL, 8) = 0
[pid  3884] <... epoll_pwait resumed> {}, 16, 993, NULL, 8) = 0
[pid  3885] clock_gettime(CLOCK_MONOTONIC,  <unfinished ...>
[pid  3884] clock_gettime(CLOCK_MONOTONIC,  <unfinished ...>
[pid  3885] <... clock_gettime resumed> {178, 93626823}) = 0
[pid  3884] <... clock_gettime resumed> {178, 93984823}) = 0
[pid  3885] clock_gettime(CLOCK_MONOTONIC,  <unfinished ...>
[pid  3884] clock_gettime(CLOCK_MONOTONIC,  <unfinished ...>
[pid  3885] <... clock_gettime resumed> {178, 95943823}) = 0
[pid  3885] getuid32( <unfinished ...>
[pid  3884] <... clock_gettime resumed> {178, 96380823}) = 0
[pid  3885] <... getuid32 resumed> )    = 10059
[pid  3885] epoll_pwait(105,  <unfinished ...>
[pid  3884] getuid32()                  = 10059
[pid  3884] epoll_pwait(96, {}, 16, 0, NULL, 8) = 0
[pid  3884] clock_gettime(CLOCK_MONOTONIC,  <unfinished ...>
[pid  3885] <... epoll_pwait resumed> {}, 16, 0, NULL, 8) = 0
[pid  3884] <... clock_gettime resumed> {178, 98443823}) = 0
[pid  3885] clock_gettime(CLOCK_MONOTONIC,  <unfinished ...>
[pid  3884] epoll_pwait(96,  <unfinished ...>
[pid  3885] <... clock_gettime resumed> {178, 99649823}) = 0
[pid  3885] epoll_pwait(105,  <unfinished ...>
[pid  3724] <... epoll_pwait resumed> {{EPOLLIN, {u32=112, u64=112}}}, 16, -1, NULL, 8) = 1
[pid  3724] recvfrom(112, "h\0\0\0\0\0\0\0\1\0\0\0\0\0\0\0c\300\225u)\0\0\0\0\0\0\0\304k\34A"..., 26624, MSG_DONTWAIT, NULL, NULL) = 104
[pid  3724] recvfrom(112, 0xa2425000, 26624, 64, 0, 0) = -1 EAGAIN (Try again)
[pid  3724] clock_gettime(CLOCK_MONOTONIC, {178, 323668823}) = 0
[pid  3724] epoll_pwait(17,  <unfinished ...>
[pid  3886] <... futex resumed> )       = -1 ETIMEDOUT (Connection timed out)
[pid  3886] clock_gettime(CLOCK_MONOTONIC, {179, 33061823}) = 0
[pid  3886] clock_gettime(CLOCK_MONOTONIC, {179, 34651823}) = 0
[pid  3886] futex(0xa242c410, FUTEX_WAKE, 1) = 0
[pid  3886] futex(0xa2580728, FUTEX_WAIT, 0, {1, 0} <unfinished ...>
[pid  3885] <... epoll_pwait resumed> {}, 16, 996, NULL, 8) = 0
[pid  3884] <... epoll_pwait resumed> {}, 16, 998, NULL, 8) = 0
[pid  3885] clock_gettime(CLOCK_MONOTONIC,  <unfinished ...>
[pid  3884] clock_gettime(CLOCK_MONOTONIC,  <unfinished ...>
[pid  3885] <... clock_gettime resumed> {179, 108318823}) = 0
[pid  3884] <... clock_gettime resumed> {179, 108309823}) = 0
[pid  3884] clock_gettime(CLOCK_MONOTONIC, {179, 108600823}) = 0
[pid  3884] getuid32()                  = 10059
[pid  3884] epoll_pwait(96, {}, 16, 0, NULL, 8) = 0
[pid  3884] clock_gettime(CLOCK_MONOTONIC, {179, 108678823}) = 0
[pid  3885] clock_gettime(CLOCK_MONOTONIC,  <unfinished ...>
[pid  3884] epoll_pwait(96,  <unfinished ...>
[pid  3885] <... clock_gettime resumed> {179, 109179823}) = 0
[pid  3885] getuid32()                  = 10059
[pid  3885] epoll_pwait(105, {}, 16, 0, NULL, 8) = 0
[pid  3885] clock_gettime(CLOCK_MONOTONIC, {179, 112638823}) = 0
[pid  3885] epoll_pwait(105,  <unfinished ...>
[pid  3724] <... epoll_pwait resumed> {{EPOLLIN, {u32=112, u64=112}}}, 16, -1, NULL, 8) = 1
[pid  3724] recvfrom(112, "h\0\0\0\0\0\0\0\1\0\0\0\0\0\0\0+~D\245)\0\0\0\0\0\0\0\304k\34A"..., 26624, MSG_DONTWAIT, NULL, NULL) = 104
[pid  3724] recvfrom(112, 0xa2425000, 26624, 64, 0, 0) = -1 EAGAIN (Try again)
[pid  3724] clock_gettime(CLOCK_MONOTONIC, {179, 119206823}) = 0
[pid  3724] epoll_pwait(17, {{EPOLLIN, {u32=112, u64=112}}}, 16, -1, NULL, 8) = 1
[pid  3724] recvfrom(112, "h\0\0\0\0\0\0\0\1\0\0\0\0\0\0\0C\252\26\325)\0\0\0\0\0\0\0\304k\34A"..., 26624, MSG_DONTWAIT, NULL, NULL) = 104
[pid  3724] recvfrom(112, 0xa2425000, 26624, 64, 0, 0) = -1 EAGAIN (Try again)
[pid  3724] clock_gettime(CLOCK_MONOTONIC, {179, 920960823}) = 0
[pid  3724] epoll_pwait(17,  <unfinished ...>
[pid  3886] <... futex resumed> )       = -1 ETIMEDOUT (Connection timed out)
[pid  3886] clock_gettime(CLOCK_MONOTONIC, {180, 39612823}) = 0
[pid  3886] clock_gettime(CLOCK_MONOTONIC, {180, 41254823}) = 0
[pid  3886] futex(0xa242c410, FUTEX_WAKE, 1) = 0
[pid  3886] futex(0xa2580728, FUTEX_WAIT, 0, {1, 0} <unfinished ...>
[pid  3885] <... epoll_pwait resumed> {}, 16, 997, NULL, 8) = 0
[pid  3884] <... epoll_pwait resumed> {}, 16, 1000, NULL, 8) = 0
[pid  3885] clock_gettime(CLOCK_MONOTONIC,  <unfinished ...>
[pid  3884] clock_gettime(CLOCK_MONOTONIC,  <unfinished ...>
[pid  3885] <... clock_gettime resumed> {180, 118273823}) = 0
[pid  3884] <... clock_gettime resumed> {180, 118528823}) = 0
[pid  3885] clock_gettime(CLOCK_MONOTONIC,  <unfinished ...>
[pid  3884] clock_gettime(CLOCK_MONOTONIC,  <unfinished ...>
[pid  3885] <... clock_gettime resumed> {180, 119421823}) = 0
[pid  3884] <... clock_gettime resumed> {180, 119898823}) = 0
[pid  3885] getuid32( <unfinished ...>
[pid  3884] getuid32( <unfinished ...>
[pid  3885] <... getuid32 resumed> )    = 10059
[pid  3885] epoll_pwait(105,  <unfinished ...>
[pid  3884] <... getuid32 resumed> )    = 10059
[pid  3885] <... epoll_pwait resumed> {}, 16, 0, NULL, 8) = 0
[pid  3884] epoll_pwait(96,  <unfinished ...>
[pid  3885] clock_gettime(CLOCK_MONOTONIC,  <unfinished ...>
[pid  3884] <... epoll_pwait resumed> {}, 16, 0, NULL, 8) = 0
[pid  3884] clock_gettime(CLOCK_MONOTONIC,  <unfinished ...>
[pid  3885] <... clock_gettime resumed> {180, 123168823}) = 0
[pid  3885] epoll_pwait(105,  <unfinished ...>
[pid  3884] <... clock_gettime resumed> {180, 123596823}) = 0
[pid  3884] epoll_pwait(96,  <unfinished ...>
[pid  3724] <... epoll_pwait resumed> {{EPOLLIN, {u32=112, u64=112}}}, 16, -1, NULL, 8) = 1
[pid  3724] recvfrom(112, "h\0\0\0\0\0\0\0\1\0\0\0\0\0\0\0\313\357\276\4*\0\0\0\0\0\0\0\304k\34A"..., 26624, MSG_DONTWAIT, NULL, NULL) = 104
[pid  3724] recvfrom(112, 0xa2425000, 26624, 64, 0, 0) = -1 EAGAIN (Try again)
[pid  3724] clock_gettime(CLOCK_MONOTONIC, {180, 721121823}) = 0
[pid  3724] epoll_pwait(17,  <unfinished ...>
[pid  3886] <... futex resumed> )       = -1 ETIMEDOUT (Connection timed out)
[pid  3886] clock_gettime(CLOCK_MONOTONIC, {181, 49047823}) = 0
[pid  3886] clock_gettime(CLOCK_MONOTONIC, {181, 50286823}) = 0
[pid  3886] futex(0xa242c410, FUTEX_WAKE, 1) = 0
[pid  3886] futex(0xa2580728, FUTEX_WAIT, 0, {1, 0} <unfinished ...>
[pid  3885] <... epoll_pwait resumed> {}, 16, 996, NULL, 8) = 0
[pid  3884] <... epoll_pwait resumed> {}, 16, 996, NULL, 8) = 0
[pid  3885] clock_gettime(CLOCK_MONOTONIC, {181, 127348823}) = 0
[pid  3884] clock_gettime(CLOCK_MONOTONIC,  <unfinished ...>
[pid  3885] clock_gettime(CLOCK_MONOTONIC,  <unfinished ...>
[pid  3884] <... clock_gettime resumed> {181, 127895823}) = 0
[pid  3885] <... clock_gettime resumed> {181, 128184823}) = 0
[pid  3885] getuid32( <unfinished ...>
[pid  3884] clock_gettime(CLOCK_MONOTONIC,  <unfinished ...>
[pid  3885] <... getuid32 resumed> )    = 10059
[pid  3884] <... clock_gettime resumed> {181, 128682823}) = 0
[pid  3884] getuid32()                  = 10059
[pid  3884] epoll_pwait(96, {}, 16, 0, NULL, 8) = 0
[pid  3884] clock_gettime(CLOCK_MONOTONIC,  <unfinished ...>
[pid  3885] epoll_pwait(105,  <unfinished ...>
[pid  3884] <... clock_gettime resumed> {181, 129089823}) = 0
[pid  3885] <... epoll_pwait resumed> {}, 16, 0, NULL, 8) = 0
[pid  3885] clock_gettime(CLOCK_MONOTONIC,  <unfinished ...>
[pid  3884] epoll_pwait(96,  <unfinished ...>
[pid  3885] <... clock_gettime resumed> {181, 130548823}) = 0
[pid  3885] epoll_pwait(105,  <unfinished ...>
[pid  3724] <... epoll_pwait resumed> {{EPOLLIN, {u32=112, u64=112}}}, 16, -1, NULL, 8) = 1
[pid  3724] recvfrom(112, "h\0\0\0\0\0\0\0\1\0\0\0\0\0\0\0k|\2314*\0\0\0\0\0\0\0\304k\34A"..., 26624, MSG_DONTWAIT, NULL, NULL) = 104
[pid  3724] recvfrom(112, 0xa2425000, 26624, 64, 0, 0) = -1 EAGAIN (Try again)
[pid  3724] clock_gettime(CLOCK_MONOTONIC, {181, 530744823}) = 0
[pid  3724] epoll_pwait(17,  <unfinished ...>
[pid  3886] <... futex resumed> )       = -1 ETIMEDOUT (Connection timed out)
[pid  3886] clock_gettime(CLOCK_MONOTONIC, {182, 55107823}) = 0
[pid  3886] clock_gettime(CLOCK_MONOTONIC, {182, 56938823}) = 0
[pid  3886] futex(0xa242c410, FUTEX_WAKE, 1) = 0
[pid  3886] futex(0xa2580728, FUTEX_WAIT, 0, {1, 0} <unfinished ...>
[pid  3885] <... epoll_pwait resumed> {}, 16, 998, NULL, 8) = 0
[pid  3884] <... epoll_pwait resumed> {}, 16, 999, NULL, 8) = 0
[pid  3885] clock_gettime(CLOCK_MONOTONIC,  <unfinished ...>
[pid  3884] clock_gettime(CLOCK_MONOTONIC,  <unfinished ...>
[pid  3885] <... clock_gettime resumed> {182, 140582823}) = 0
[pid  3884] <... clock_gettime resumed> {182, 140632823}) = 0
[pid  3885] clock_gettime(CLOCK_MONOTONIC,  <unfinished ...>
[pid  3884] clock_gettime(CLOCK_MONOTONIC,  <unfinished ...>
[pid  3885] <... clock_gettime resumed> {182, 141685823}) = 0
[pid  3884] <... clock_gettime resumed> {182, 141594823}) = 0
[pid  3884] getuid32( <unfinished ...>
[pid  3885] getuid32( <unfinished ...>
[pid  3884] <... getuid32 resumed> )    = 10059
[pid  3885] <... getuid32 resumed> )    = 10059
[pid  3884] epoll_pwait(96,  <unfinished ...>
[pid  3885] epoll_pwait(105,  <unfinished ...>
[pid  3884] <... epoll_pwait resumed> {}, 16, 0, NULL, 8) = 0
[pid  3885] <... epoll_pwait resumed> {}, 16, 0, NULL, 8) = 0
[pid  3885] clock_gettime(CLOCK_MONOTONIC,  <unfinished ...>
[pid  3884] clock_gettime(CLOCK_MONOTONIC,  <unfinished ...>
[pid  3885] <... clock_gettime resumed> {182, 143915823}) = 0
[pid  3884] <... clock_gettime resumed> {182, 143879823}) = 0
[pid  3885] epoll_pwait(105,  <unfinished ...>
[pid  3884] epoll_pwait(96,  <unfinished ...>
[pid  3724] <... epoll_pwait resumed> {{EPOLLIN, {u32=112, u64=112}}}, 16, -1, NULL, 8) = 1
[pid  3724] recvfrom(112, "h\0\0\0\0\0\0\0\1\0\0\0\0\0\0\0\353\236Nd*\0\0\0\0\0\0\0\304k\34A"..., 26624, MSG_DONTWAIT, NULL, NULL) = 104
[pid  3724] recvfrom(112, 0xa2425000, 26624, 64, 0, 0) = -1 EAGAIN (Try again)
[pid  3724] clock_gettime(CLOCK_MONOTONIC, {182, 325841823}) = 0
[pid  3724] epoll_pwait(17,  <unfinished ...>
[pid  3886] <... futex resumed> )       = -1 ETIMEDOUT (Connection timed out)
[pid  3886] clock_gettime(CLOCK_MONOTONIC, {183, 67739823}) = 0
[pid  3886] clock_gettime(CLOCK_MONOTONIC, {183, 71200823}) = 0
[pid  3886] futex(0xa242c410, FUTEX_WAKE, 1) = 0
[pid  3886] futex(0xa2580728, FUTEX_WAIT, 0, {1, 0} <unfinished ...>
[pid  3724] <... epoll_pwait resumed> {{EPOLLIN, {u32=112, u64=112}}}, 16, -1, NULL, 8) = 1
[pid  3724] recvfrom(112, "h\0\0\0\0\0\0\0\1\0\0\0\0\0\0\0S\270\32\224*\0\0\0\0\0\0\0\304k\34A"..., 26624, MSG_DONTWAIT, NULL, NULL) = 104
[pid  3724] recvfrom(112, 0xa2425000, 26624, 64, 0, 0) = -1 EAGAIN (Try again)
[pid  3724] clock_gettime(CLOCK_MONOTONIC, {183, 131044823}) = 0
[pid  3724] epoll_pwait(17,  <unfinished ...>
[pid  3885] <... epoll_pwait resumed> {}, 16, 998, NULL, 8) = 0
[pid  3884] <... epoll_pwait resumed> {}, 16, 998, NULL, 8) = 0
[pid  3885] clock_gettime(CLOCK_MONOTONIC,  <unfinished ...>
[pid  3884] clock_gettime(CLOCK_MONOTONIC,  <unfinished ...>
[pid  3885] <... clock_gettime resumed> {183, 152949823}) = 0
[pid  3884] <... clock_gettime resumed> {183, 152992823}) = 0
[pid  3885] clock_gettime(CLOCK_MONOTONIC,  <unfinished ...>
[pid  3884] clock_gettime(CLOCK_MONOTONIC,  <unfinished ...>
[pid  3885] <... clock_gettime resumed> {183, 156019823}) = 0
[pid  3884] <... clock_gettime resumed> {183, 156517823}) = 0
[pid  3885] getuid32( <unfinished ...>
[pid  3884] getuid32( <unfinished ...>
[pid  3885] <... getuid32 resumed> )    = 10059
[pid  3884] <... getuid32 resumed> )    = 10059
[pid  3884] epoll_pwait(96, {}, 16, 0, NULL, 8) = 0
[pid  3884] clock_gettime(CLOCK_MONOTONIC, {183, 158969823}) = 0
[pid  3884] epoll_pwait(96,  <unfinished ...>
[pid  3885] epoll_pwait(105, {}, 16, 0, NULL, 8) = 0
[pid  3885] clock_gettime(CLOCK_MONOTONIC, {183, 161543823}) = 0
[pid  3885] epoll_pwait(105,  <unfinished ...>
[pid  3724] <... epoll_pwait resumed> {{EPOLLIN, {u32=112, u64=112}}}, 16, -1, NULL, 8) = 1
[pid  3724] recvfrom(112, "h\0\0\0\0\0\0\0\1\0\0\0\0\0\0\0\363W\335\303*\0\0\0\0\0\0\0\304k\34A"..., 26624, MSG_DONTWAIT, NULL, NULL) = 104
[pid  3724] recvfrom(112, 0xa2425000, 26624, 64, 0, 0) = -1 EAGAIN (Try again)
[pid  3724] clock_gettime(CLOCK_MONOTONIC, {183, 937008823}) = 0
[pid  3724] epoll_pwait(17,  <unfinished ...>
[pid  3886] <... futex resumed> )       = -1 ETIMEDOUT (Connection timed out)
[pid  3886] clock_gettime(CLOCK_MONOTONIC, {184, 80587823}) = 0
[pid  3886] clock_gettime(CLOCK_MONOTONIC, {184, 81853823}) = 0
[pid  3886] futex(0xa242c410, FUTEX_WAKE, 1) = 0
[pid  3886] futex(0xa2580728, FUTEX_WAIT, 0, {1, 0} <unfinished ...>
[pid  3884] <... epoll_pwait resumed> {}, 16, 998, NULL, 8) = 0
[pid  3884] clock_gettime(CLOCK_MONOTONIC,  <unfinished ...>
[pid  3885] <... epoll_pwait resumed> {}, 16, 995, NULL, 8) = 0
[pid  3884] <... clock_gettime resumed> {184, 165715823}) = 0
[pid  3885] clock_gettime(CLOCK_MONOTONIC, {184, 167421823}) = 0
[pid  3884] clock_gettime(CLOCK_MONOTONIC, {184, 167669823}) = 0
[pid  3884] getuid32()                  = 10059
[pid  3884] epoll_pwait(96,  <unfinished ...>
[pid  3885] clock_gettime(CLOCK_MONOTONIC,  <unfinished ...>
[pid  3884] <... epoll_pwait resumed> {}, 16, 0, NULL, 8) = 0
[pid  3884] clock_gettime(CLOCK_MONOTONIC,  <unfinished ...>
[pid  3885] <... clock_gettime resumed> {184, 169845823}) = 0
[pid  3885] getuid32( <unfinished ...>
[pid  3884] <... clock_gettime resumed> {184, 171237823}) = 0
[pid  3885] <... getuid32 resumed> )    = 10059
[pid  3884] epoll_pwait(96,  <unfinished ...>
[pid  3885] epoll_pwait(105, {}, 16, 0, NULL, 8) = 0
[pid  3885] clock_gettime(CLOCK_MONOTONIC, {184, 175800823}) = 0
[pid  3885] epoll_pwait(105,  <unfinished ...>
[pid  3724] <... epoll_pwait resumed> {{EPOLLIN, {u32=112, u64=112}}}, 16, -1, NULL, 8) = 1
[pid  3724] recvfrom(112, "h\0\0\0\0\0\0\0\1\0\0\0\0\0\0\0\303\2\210\363*\0\0\0\0\0\0\0\304k\34A"..., 26624, MSG_DONTWAIT, NULL, NULL) = 104
[pid  3724] recvfrom(112, 0xa2425000, 26624, 64, 0, 0) = -1 EAGAIN (Try again)
[pid  3724] clock_gettime(CLOCK_MONOTONIC, {184, 727000823}) = 0
[pid  3724] epoll_pwait(17,  <unfinished ...>
[pid  3886] <... futex resumed> )       = -1 ETIMEDOUT (Connection timed out)
[pid  3886] clock_gettime(CLOCK_MONOTONIC, {185, 88861823}) = 0
[pid  3886] clock_gettime(CLOCK_MONOTONIC, {185, 91936823}) = 0
[pid  3886] futex(0xa242c410, FUTEX_WAKE, 1) = 0
[pid  3886] futex(0xa2580728, FUTEX_WAIT, 0, {1, 0} <unfinished ...>
[pid  3884] <... epoll_pwait resumed> {}, 16, 996, NULL, 8) = 0
[pid  3885] <... epoll_pwait resumed> {}, 16, 994, NULL, 8) = 0
[pid  3885] clock_gettime(CLOCK_MONOTONIC,  <unfinished ...>
[pid  3884] clock_gettime(CLOCK_MONOTONIC,  <unfinished ...>
[pid  3885] <... clock_gettime resumed> {185, 180511823}) = 0
[pid  3884] <... clock_gettime resumed> {185, 180641823}) = 0
[pid  3885] clock_gettime(CLOCK_MONOTONIC,  <unfinished ...>
[pid  3884] clock_gettime(CLOCK_MONOTONIC,  <unfinished ...>
[pid  3885] <... clock_gettime resumed> {185, 181609823}) = 0
[pid  3884] <... clock_gettime resumed> {185, 181661823}) = 0
[pid  3885] getuid32()                  = 10059
[pid  3884] getuid32()                  = 10059
[pid  3884] epoll_pwait(96, {}, 16, 0, NULL, 8) = 0
[pid  3885] epoll_pwait(105,  <unfinished ...>
[pid  3884] clock_gettime(CLOCK_MONOTONIC,  <unfinished ...>
[pid  3885] <... epoll_pwait resumed> {}, 16, 0, NULL, 8) = 0
[pid  3884] <... clock_gettime resumed> {185, 183259823}) = 0
[pid  3884] epoll_pwait(96,  <unfinished ...>
[pid  3885] clock_gettime(CLOCK_MONOTONIC, {185, 184187823}) = 0
[pid  3885] epoll_pwait(105,  <unfinished ...>
[pid  3724] <... epoll_pwait resumed> {{EPOLLIN, {u32=112, u64=112}}}, 16, -1, NULL, 8) = 1
[pid  3724] recvfrom(112, "h\0\0\0\0\0\0\0\1\0\0\0\0\0\0\0\3#M#+\0\0\0\0\0\0\0\304k\34A"..., 26624, MSG_DONTWAIT, NULL, NULL) = 104
[pid  3724] recvfrom(112, 0xa2425000, 26624, 64, 0, 0) = -1 EAGAIN (Try again)
[pid  3724] clock_gettime(CLOCK_MONOTONIC, {185, 533968823}) = 0
[pid  3724] epoll_pwait(17,  <unfinished ...>
[pid  3886] <... futex resumed> )       = -1 ETIMEDOUT (Connection timed out)
[pid  3886] clock_gettime(CLOCK_MONOTONIC, {186, 101235823}) = 0
[pid  3886] clock_gettime(CLOCK_MONOTONIC, {186, 103494823}) = 0
[pid  3886] futex(0xa242c410, FUTEX_WAKE, 1) = 0
[pid  3886] futex(0xa2580728, FUTEX_WAIT, 0, {1, 0} <unfinished ...>
[pid  3885] <... epoll_pwait resumed> {}, 16, 997, NULL, 8) = 0
[pid  3884] <... epoll_pwait resumed> {}, 16, 998, NULL, 8) = 0
[pid  3885] clock_gettime(CLOCK_MONOTONIC,  <unfinished ...>
[pid  3884] clock_gettime(CLOCK_MONOTONIC, {186, 190955823}) = 0
[pid  3884] clock_gettime(CLOCK_MONOTONIC, {186, 191042823}) = 0
[pid  3884] getuid32()                  = 10059
[pid  3884] epoll_pwait(96, {}, 16, 0, NULL, 8) = 0
[pid  3884] clock_gettime(CLOCK_MONOTONIC,  <unfinished ...>
[pid  3885] <... clock_gettime resumed> {186, 191568823}) = 0
[pid  3884] <... clock_gettime resumed> {186, 191344823}) = 0
[pid  3885] clock_gettime(CLOCK_MONOTONIC,  <unfinished ...>
[pid  3884] epoll_pwait(96,  <unfinished ...>
[pid  3885] <... clock_gettime resumed> {186, 192736823}) = 0
[pid  3885] getuid32()                  = 10059
[pid  3885] epoll_pwait(105, {}, 16, 0, NULL, 8) = 0
[pid  3885] clock_gettime(CLOCK_MONOTONIC, {186, 198324823}) = 0
[pid  3885] epoll_pwait(105,  <unfinished ...>
[pid  3724] <... epoll_pwait resumed> {{EPOLLIN, {u32=112, u64=112}}}, 16, -1, NULL, 8) = 1
[pid  3724] recvfrom(112, "h\0\0\0\0\0\0\0\1\0\0\0\0\0\0\0\223\220\374R+\0\0\0\0\0\0\0\304k\34A"..., 26624, MSG_DONTWAIT, NULL, NULL) = 104
[pid  3724] recvfrom(112, 0xa2425000, 26624, 64, 0, 0) = -1 EAGAIN (Try again)
[pid  3724] clock_gettime(CLOCK_MONOTONIC, {186, 331637823}) = 0
[pid  3724] epoll_pwait(17,  <unfinished ...>
[pid  3886] <... futex resumed> )       = -1 ETIMEDOUT (Connection timed out)
[pid  3886] clock_gettime(CLOCK_MONOTONIC, {187, 109295823}) = 0
[pid  3886] clock_gettime(CLOCK_MONOTONIC, {187, 110670823}) = 0
[pid  3886] futex(0xa242c410, FUTEX_WAKE, 1) = 0
[pid  3886] futex(0xa2580728, FUTEX_WAIT, 0, {1, 0} <unfinished ...>
[pid  3724] <... epoll_pwait resumed> {{EPOLLIN, {u32=112, u64=112}}}, 16, -1, NULL, 8) = 1
[pid  3724] recvfrom(112, "h\0\0\0\0\0\0\0\1\0\0\0\0\0\0\0\vs\256\202+\0\0\0\0\0\0\0\304k\34A"..., 26624, MSG_DONTWAIT, NULL, NULL) = 104
[pid  3724] recvfrom(112, 0xa2425000, 26624, 64, 0, 0) = -1 EAGAIN (Try again)
[pid  3724] clock_gettime(CLOCK_MONOTONIC, {187, 128706823}) = 0
[pid  3724] epoll_pwait(17,  <unfinished ...>
[pid  3885] <... epoll_pwait resumed> {}, 16, 994, NULL, 8) = 0
[pid  3884] <... epoll_pwait resumed> {}, 16, 1000, NULL, 8) = 0
[pid  3885] clock_gettime(CLOCK_MONOTONIC,  <unfinished ...>
[pid  3884] clock_gettime(CLOCK_MONOTONIC,  <unfinished ...>
[pid  3885] <... clock_gettime resumed> {187, 203915823}) = 0
[pid  3884] <... clock_gettime resumed> {187, 203591823}) = 0
[pid  3885] clock_gettime(CLOCK_MONOTONIC,  <unfinished ...>
[pid  3884] clock_gettime(CLOCK_MONOTONIC,  <unfinished ...>
[pid  3885] <... clock_gettime resumed> {187, 204950823}) = 0
[pid  3884] <... clock_gettime resumed> {187, 204646823}) = 0
[pid  3884] getuid32()                  = 10059
[pid  3884] epoll_pwait(96, {}, 16, 0, NULL, 8) = 0
[pid  3885] getuid32( <unfinished ...>
[pid  3884] clock_gettime(CLOCK_MONOTONIC,  <unfinished ...>
[pid  3885] <... getuid32 resumed> )    = 10059
[pid  3884] <... clock_gettime resumed> {187, 206121823}) = 0
[pid  3884] epoll_pwait(96,  <unfinished ...>
[pid  3885] epoll_pwait(105, {}, 16, 0, NULL, 8) = 0
[pid  3885] clock_gettime(CLOCK_MONOTONIC, {187, 209506823}) = 0
[pid  3885] epoll_pwait(105,  <unfinished ...>
[pid  3724] <... epoll_pwait resumed> {{EPOLLIN, {u32=111, u64=111}}}, 16, -1, NULL, 8) = 1
[pid  3724] recvfrom(111, "\2\0\0\0\0\0\0\0\32\0\0\0\0\0\0\0\330\307\\\257+\0\0\0\0\0\0\0\2\20\0\0"..., 2264, MSG_DONTWAIT, NULL, NULL) = 224
[pid  3724] sendto(111, "\3\0\0\0\250GX\267\32\0\0\0\1\0\0\0", 16, MSG_DONTWAIT|MSG_NOSIGNAL, NULL, 0) = 16
[pid  3724] recvfrom(111, 0xb40c7a10, 2264, 64, 0, 0) = -1 EAGAIN (Try again)
[pid  3724] clock_gettime(CLOCK_MONOTONIC, {187, 641510823}) = 0
[pid  3724] epoll_pwait(17, {{EPOLLIN, {u32=111, u64=111}}}, 16, -1, NULL, 8) = 1
[pid  3724] recvfrom(111, "\2\0\0\0\0\0\0\0\34\0\0\0\0\0\0\0\220\274'\265+\0\0\0\0\0\0\0\2\20\0\0"..., 2264, MSG_DONTWAIT, NULL, NULL) = 224
[pid  3724] clock_gettime(CLOCK_MONOTONIC, {187, 734005823}) = 0
[pid  3724] write(16, "W", 1)           = 1
[pid  3724] clock_gettime(CLOCK_MONOTONIC, {187, 740328823}) = 0
[pid  3724] sendto(111, "\3\0\0\0\t\32\316\244\34\0\0\0\1\0\0\0", 16, MSG_DONTWAIT|MSG_NOSIGNAL, NULL, 0) = 16
[pid  3724] recvfrom(111, 0xb40c7a10, 2264, 64, 0, 0) = -1 EAGAIN (Try again)
[pid  3724] clock_gettime(CLOCK_MONOTONIC, {187, 746570823}) = 0
[pid  3724] getuid32()                  = 10059
[pid  3724] getuid32()                  = 10059
[pid  3724] ioctl(10, BINDER_WRITE_READ, 0xbfa5f798) = 0
[pid  3724] ioctl(10, BINDER_WRITE_READ, 0xbfa5f798) = 0
[pid  3724] ioctl(10, BINDER_WRITE_READ, 0xbfa5f868) = 0
[pid  3724] ioctl(10, BINDER_WRITE_READ, 0xbfa5f868) = 0
[pid  3724] ioctl(10, BINDER_WRITE_READ, 0xbfa5f8e8) = 0
[pid  3724] ioctl(10, BINDER_WRITE_READ, 0xbfa5f908) = 0
[pid  3724] ioctl(10, BINDER_WRITE_READ <unfinished ...>
[pid  3882] <... ioctl resumed> , 0x95be3be8) = 0
[pid  3882] sched_setscheduler(3882, SCHED_OTHER, { 0 }) = 0
[pid  3724] <... ioctl resumed> , 0xbfa5f908) = 0
[pid  3882] prctl(0x29 /* PR_??? */, 0, 0xf2a, 0xb75bdca4, 0x9783c2b0 <unfinished ...>
[pid  3724] getuid32( <unfinished ...>
[pid  3882] <... prctl resumed> )       = -1 EINVAL (Invalid argument)
[pid  3724] <... getuid32 resumed> )    = 10059
[pid  3882] getpriority(PRIO_PROCESS, 3882) = 20
[pid  3724] epoll_pwait(17, {{EPOLLIN, {u32=15, u64=15}}}, 16, 0, NULL, 8) = 1
[pid  3882] clock_gettime(CLOCK_MONOTONIC,  <unfinished ...>
[pid  3724] read(15, "W", 16)           = 1
[pid  3882] <... clock_gettime resumed> {187, 766079823}) = 0
[pid  3882] clock_gettime(CLOCK_MONOTONIC,  <unfinished ...>
[pid  3724] clock_gettime(CLOCK_MONOTONIC,  <unfinished ...>
[pid  3882] <... clock_gettime resumed> {187, 766694823}) = 0
[pid  3724] <... clock_gettime resumed> {187, 766709823}) = 0
[pid  3882] futex(0xa25ed770, FUTEX_WAKE, 1 <unfinished ...>
[pid  3724] futex(0xa25ed790, FUTEX_WAKE, 1 <unfinished ...>
[pid  3882] <... futex resumed> )       = 0
[pid  3724] <... futex resumed> )       = 0
[pid  3882] futex(0xa25ed790, FUTEX_WAIT, 2, NULL <unfinished ...>
[pid  3724] futex(0xa25ed770, FUTEX_WAKE, 1 <unfinished ...>
[pid  3882] <... futex resumed> )       = -1 EAGAIN (Try again)
[pid  3882] clock_gettime(CLOCK_MONOTONIC,  <unfinished ...>
[pid  3724] <... futex resumed> )       = 0
[pid  3724] getuid32( <unfinished ...>
[pid  3882] <... clock_gettime resumed> {187, 768956823}) = 0
[pid  3724] <... getuid32 resumed> )    = 10059
[pid  3882] sched_setscheduler(3882, SCHED_OTHER, { 0 } <unfinished ...>
[pid  3724] epoll_pwait(17,  <unfinished ...>
[pid  3882] <... sched_setscheduler resumed> ) = 0
[pid  3724] <... epoll_pwait resumed> {}, 16, 0, NULL, 8) = 0
[pid  3882] prctl(0x29 /* PR_??? */, 0, 0xf2a, 0, 0) = -1 EINVAL (Invalid argument)
[pid  3724] clock_gettime(CLOCK_MONOTONIC,  <unfinished ...>
[pid  3882] ioctl(10, BINDER_WRITE_READ <unfinished ...>
[pid  3724] <... clock_gettime resumed> {187, 771025823}) = 0
[pid  3724] gettimeofday({1576537218, 599725}, NULL) = 0
[pid  3724] clock_gettime(CLOCK_MONOTONIC, {187, 772899823}) = 0
[pid  3724] futex(0xb42357a8, FUTEX_WAKE, 1 <unfinished ...>
[pid  3750] <... restart_syscall resumed> ) = 0
[pid  3724] <... futex resumed> )       = 1
[pid  3724] futex(0xb42bafe0, FUTEX_WAKE, 1 <unfinished ...>
[pid  3750] futex(0xae90e710, FUTEX_WAIT, 1, NULL <unfinished ...>
[pid  3724] <... futex resumed> )       = 0
[pid  3750] <... futex resumed> )       = -1 EAGAIN (Try again)
[pid  3724] futex(0xae90e710, FUTEX_WAKE, 1 <unfinished ...>
[pid  3750] clock_gettime(CLOCK_MONOTONIC,  <unfinished ...>
[pid  3724] <... futex resumed> )       = 0
[pid  3750] <... clock_gettime resumed> {187, 775974823}) = 0
[pid  3724] futex(0xae90e710, FUTEX_WAIT, 1, NULL <unfinished ...>
[pid  3750] futex(0xae90e710, FUTEX_WAKE, 1) = 0
[pid  3724] <... futex resumed> )       = -1 EAGAIN (Try again)
[pid  3750] clock_gettime(CLOCK_MONOTONIC,  <unfinished ...>
[pid  3724] ioctl(10, BINDER_WRITE_READ <unfinished ...>
[pid  3750] <... clock_gettime resumed> {187, 777523823}) = 0
[pid  3724] <... ioctl resumed> , 0xbfa5f648) = 0
[pid  3750] clock_gettime(CLOCK_MONOTONIC, {187, 778092823}) = 0
[pid  3724] ioctl(10, BINDER_WRITE_READ <unfinished ...>
[pid  3750] clock_gettime(CLOCK_MONOTONIC,  <unfinished ...>
[pid  3724] <... ioctl resumed> , 0xbfa5f648) = 0
[pid  3750] <... clock_gettime resumed> {187, 778573823}) = 0
[pid  3724] epoll_ctl(17, EPOLL_CTL_DEL, 112, NULL) = 0
[pid  3750] clock_gettime(CLOCK_MONOTONIC,  <unfinished ...>
[pid  3724] close(112 <unfinished ...>
[pid  3750] <... clock_gettime resumed> {187, 779717823}) = 0
[pid  3724] <... close resumed> )       = 0
[pid  3724] clock_gettime(CLOCK_MONOTONIC, {187, 781277823}) = 0
[pid  3724] getuid32( <unfinished ...>
[pid  3750] gettimeofday({1576537218, 609828}, NULL) = 0
[pid  3724] <... getuid32 resumed> )    = 10059
[pid  3750] clock_gettime(CLOCK_MONOTONIC,  <unfinished ...>
[pid  3724] clock_gettime(CLOCK_REALTIME,  <unfinished ...>
[pid  3750] <... clock_gettime resumed> {187, 783157823}) = 0
[pid  3724] <... clock_gettime resumed> {1576537218, 611050000}) = 0
[pid  3750] futex(0xae839538, FUTEX_WAKE, 1 <unfinished ...>
[pid  3724] writev(3, [{"\2", 1}, {"\214\16", 2}, {"\202\f\370]\20\342k$", 8}, {"Eu\0\0", 4}, {"\3\2\0\0\0\0\0\2*\0\0\0tv.remote.control.un"..., 55}], 5 <unfinished ...>
[pid  3750] <... futex resumed> )       = 1
[pid  3751] <... restart_syscall resumed> ) = 0
[pid  3750] futex(0xae8366b0, FUTEX_WAKE, 1 <unfinished ...>
[pid  3724] <... writev resumed> )      = 70
[pid  3751] futex(0xae90e2f0, FUTEX_WAIT, 1, NULL <unfinished ...>
[pid  3750] <... futex resumed> )       = 0
[pid  3724] ioctl(10, BINDER_WRITE_READ <unfinished ...>
[pid  3750] futex(0xae90e2f0, FUTEX_WAKE, 1 <unfinished ...>
[pid  3751] <... futex resumed> )       = 0
[pid  3750] <... futex resumed> )       = 1
[pid  3724] <... ioctl resumed> , 0xbfa5f928) = 0
[pid  3751] clock_gettime(CLOCK_MONOTONIC,  <unfinished ...>
[pid  3750] futex(0xae90e2f0, FUTEX_WAKE, 1) = 0
[pid  3724] ioctl(10, BINDER_WRITE_READ <unfinished ...>
[pid  3751] <... clock_gettime resumed> {187, 797703823}) = 0
[pid  3751] clock_gettime(CLOCK_MONOTONIC, {187, 798032823}) = 0
[pid  3751] clock_gettime(CLOCK_MONOTONIC, {187, 798148823}) = 0
[pid  3751] clock_gettime(CLOCK_MONOTONIC, {187, 798239823}) = 0
[pid  3750] setsockopt(32, SOL_SOCKET, SO_RCVTIMEO, "\0\0\0\0\0\0\0\0", 8 <unfinished ...>
[pid  3741] <... ioctl resumed> , 0xae7ffbe8) = 0
[pid  3751] clock_gettime(CLOCK_MONOTONIC,  <unfinished ...>
[pid  3750] <... setsockopt resumed> )  = 0
[pid  3741] sched_setscheduler(3741, SCHED_OTHER, { 0 } <unfinished ...>
[pid  3750] setsockopt(42, SOL_SOCKET, SO_RCVTIMEO, "\0\0\0\0\0\0\0\0", 8 <unfinished ...>
[pid  3751] <... clock_gettime resumed> {187, 798941823}) = 0
[pid  3750] <... setsockopt resumed> )  = 0
[pid  3741] <... sched_setscheduler resumed> ) = 0
[pid  3750] gettimeofday( <unfinished ...>
[pid  3751] futex(0xae8366b0, FUTEX_WAKE, 1 <unfinished ...>
[pid  3741] prctl(0x29 /* PR_??? */, 0, 0xe9d, 0xb75bdca4, 0xb40760b0 <unfinished ...>
[pid  3751] <... futex resumed> )       = 0
[pid  3741] <... prctl resumed> )       = -1 EINVAL (Invalid argument)
[pid  3750] <... gettimeofday resumed> {1576537218, 627594}, NULL) = 0
[pid  3741] getpriority(PRIO_PROCESS, 3741 <unfinished ...>
[pid  3751] futex(0xae839538, FUTEX_WAIT, 21, {60, 0} <unfinished ...>
[pid  3750] write(32, "\27\3\3\2m\260\204\222\375\355mL\177s\245*\211\201n\262\205\377\f\276\224/\231H>\34w\36"..., 626 <unfinished ...>
[pid  3741] <... getpriority resumed> ) = 20
[pid  3740] <... ioctl resumed> , 0xaedc7be8) = 0
[pid  3740] sched_setscheduler(3740, SCHED_OTHER, { 0 }) = 0
[pid  3741] clock_gettime(CLOCK_MONOTONIC,  <unfinished ...>
[pid  3740] prctl(0x29 /* PR_??? */, 0, 0xe9c, 0xb75bdca4, 0xae85c0f0) = -1 EINVAL (Invalid argument)
[pid  3740] getpriority(PRIO_PROCESS, 3740 <unfinished ...>
[pid  3741] <... clock_gettime resumed> {187, 801364823}) = 0
[pid  3741] sched_setscheduler(3741, SCHED_OTHER, { 0 }) = 0
[pid  3741] prctl(0x29 /* PR_??? */, 0, 0xe9d, 0, 0) = -1 EINVAL (Invalid argument)
[pid  3741] ioctl(10, BINDER_WRITE_READ <unfinished ...>
[pid  3740] <... getpriority resumed> ) = 20
[pid  3740] clock_gettime(CLOCK_MONOTONIC, {187, 802428823}) = 0
[pid  3750] <... write resumed> )       = 626
[pid  3740] sched_setscheduler(3740, SCHED_OTHER, { 0 }) = 0
[pid  3740] prctl(0x29 /* PR_??? */, 0, 0xe9c, 0, 0) = -1 EINVAL (Invalid argument)
[pid  3740] ioctl(10, BINDER_WRITE_READ <unfinished ...>
[pid  3750] getsockopt(32, SOL_SOCKET, SO_RCVTIMEO,  <unfinished ...>
[pid  3724] <... ioctl resumed> , 0xbfa5f928) = 0
[pid  3750] <... getsockopt resumed> "\0\0\0\0\0\0\0\0", [8]) = 0
[pid  3750] read(32,  <unfinished ...>
[pid  3724] getuid32( <unfinished ...>
[pid  3750] <... read resumed> 0xaeb34003, 5) = -1 EAGAIN (Try again)
[pid  3724] <... getuid32 resumed> )    = 10059
[pid  3750] pselect6(33, [21 32], [], NULL, NULL, 0 <unfinished ...>
[pid  3724] epoll_pwait(17, {}, 16, 0, NULL, 8) = 0
[pid  3724] clock_gettime(CLOCK_MONOTONIC, {187, 815116823}) = 0
[pid  3724] clock_gettime(CLOCK_MONOTONIC, {187, 815741823}) = 0
[pid  3724] clock_gettime(CLOCK_MONOTONIC, {187, 816402823}) = 0
[pid  3724] recvfrom(24, 0xbfa5efb0, 2400, 64, 0, 0) = -1 EAGAIN (Try again)
[pid  3724] ioctl(10, BINDER_WRITE_READ, 0xbfa5f718) = 0
[pid  3724] clock_gettime(CLOCK_MONOTONIC, {187, 818593823}) = 0
[pid  3724] write(25, "W", 1 <unfinished ...>
[pid  3761] <... epoll_pwait resumed> {{EPOLLIN, {u32=22, u64=22}}}, 16, -1, NULL, 8) = 1
[pid  3724] <... write resumed> )       = 1
[pid  3761] read(22,  <unfinished ...>
[pid  3724] getuid32( <unfinished ...>
[pid  3761] <... read resumed> "W", 16) = 1
[pid  3724] <... getuid32 resumed> )    = 10059
[pid  3761] epoll_pwait(26,  <unfinished ...>
[pid  3724] epoll_pwait(17, {}, 16, 0, NULL, 8) = 0
[pid  3724] clock_gettime(CLOCK_MONOTONIC, {187, 821539823}) = 0
[pid  3724] ioctl(10, BINDER_WRITE_READ, 0xbfa5f808) = 0
[pid  3724] ioctl(10, BINDER_WRITE_READ, 0xbfa5f808) = 0
[pid  3724] gettimeofday({1576537218, 651222}, NULL) = 0
[pid  3724] clock_gettime(CLOCK_MONOTONIC, {187, 824102823}) = 0
[pid  3724] clock_gettime(CLOCK_MONOTONIC, {187, 824994823}) = 0
[pid  3724] clock_gettime(CLOCK_MONOTONIC, {187, 825868823}) = 0
[pid  3724] ioctl(10, BINDER_WRITE_READ, 0xbfa5f5f8) = 0
[pid  3724] ioctl(10, BINDER_WRITE_READ, 0xbfa5f5f8) = 0
[pid  3724] ioctl(10, BINDER_WRITE_READ, 0xbfa5f5a8) = 0
[pid  3724] ioctl(10, BINDER_WRITE_READ, 0xbfa5f5a8) = 0
[pid  3724] dup(23)                     = 110
[pid  3724] close(23)                   = 0
[pid  3724] epoll_ctl(17, EPOLL_CTL_ADD, 110, {EPOLLIN, {u32=110, u64=110}}) = 0
[pid  3724] ioctl(10, BINDER_WRITE_READ, 0xbfa5f5f8) = 0
[pid  3724] ioctl(10, BINDER_WRITE_READ, 0xbfa5f5f8) = 0
[pid  3724] getuid32()                  = 10059
[pid  3724] clock_gettime(CLOCK_REALTIME, {1576537218, 663516000}) = 0
[pid  3724] writev(3, [{"\2", 1}, {"\214\16", 2}, {"\202\f\370]`s\214'", 8}, {"Fu\0\0", 4}, {"\3\2\0\0\0\0\0\2*\0\0\0tv.remote.control.un"..., 55}], 5) = 70
[pid  3724] ioctl(10, BINDER_WRITE_READ, 0xbfa5f938) = 0
[pid  3724] ioctl(10, BINDER_WRITE_READ, 0xbfa5f938) = 0
[pid  3724] getuid32()                  = 10059
[pid  3724] epoll_pwait(17, {{EPOLLIN, {u32=24, u64=24}}}, 16, 0, NULL, 8) = 1
[pid  3724] recvfrom(24, "nysv\0\0\0\0\374\30\275\273+\0\0\0\210\3\0\0\0\0\0\0", 2400, MSG_DONTWAIT, NULL, NULL) = 24
[pid  3724] recvfrom(24, 0xbfa5f050, 2400, 64, 0, 0) = -1 EAGAIN (Try again)
[pid  3724] clock_gettime(CLOCK_MONOTONIC, {187, 842399823}) = 0
[pid  3724] clock_gettime(CLOCK_MONOTONIC, {187, 843303823}) = 0
[pid  3724] clock_gettime(CLOCK_MONOTONIC, {187, 844199823}) = 0
[pid  3724] clock_gettime(CLOCK_MONOTONIC, {187, 844920823}) = 0
[pid  3724] recvfrom(98, 0xb40cc010, 2264, 64, 0, 0) = -1 EAGAIN (Try again)
[pid  3724] clock_gettime(CLOCK_MONOTONIC, {187, 846472823}) = 0
[pid  3724] clock_gettime(CLOCK_MONOTONIC, {187, 847542823}) = 0
[pid  3724] write(16, "W", 1)           = 1
[pid  3724] write(25, "W", 1 <unfinished ...>
[pid  3761] <... epoll_pwait resumed> {{EPOLLIN, {u32=22, u64=22}}}, 16, -1, NULL, 8) = 1
[pid  3724] <... write resumed> )       = 1
[pid  3761] read(22, "W", 16)           = 1
[pid  3724] futex(0xa240ef34, FUTEX_WAIT_PRIVATE, -36, NULL <unfinished ...>
[pid  3761] futex(0xa240ef34, FUTEX_WAKE_PRIVATE, 1) = 0
[pid  3724] <... futex resumed> )       = -1 EAGAIN (Try again)
[pid  3724] futex(0xa240ef30, FUTEX_WAIT_PRIVATE, 2, NULL <unfinished ...>
[pid  3761] futex(0xa240ef30, FUTEX_WAKE_PRIVATE, 1) = 1
[pid  3761] epoll_pwait(26,  <unfinished ...>
[pid  3724] <... futex resumed> )       = 0
[pid  3724] futex(0xa240ef30, FUTEX_WAKE_PRIVATE, 1) = 0
[pid  3724] ioctl(10, BINDER_WRITE_READ, 0xbfa5f678) = 0
[pid  3724] ioctl(10, BINDER_WRITE_READ, 0xbfa5f678) = 0
[pid  3899] <... ioctl resumed> , 0x985bcbe8) = 0
[pid  3724] write(25, "W", 1 <unfinished ...>
[pid  3899] sched_setscheduler(3899, SCHED_OTHER, { 0 }) = 0
[pid  3761] <... epoll_pwait resumed> {{EPOLLIN, {u32=22, u64=22}}}, 16, -1, NULL, 8) = 1
[pid  3724] <... write resumed> )       = 1
[pid  3899] prctl(0x29 /* PR_??? */, 0, 0xf3b, 0xb75bdca4, 0xa24f0d70 <unfinished ...>
[pid  3761] read(22,  <unfinished ...>
[pid  3899] <... prctl resumed> )       = -1 EINVAL (Invalid argument)
[pid  3724] futex(0xa240ef34, FUTEX_WAIT_PRIVATE, -40, NULL <unfinished ...>
[pid  3899] getpriority(PRIO_PROCESS, 3899 <unfinished ...>
[pid  3761] <... read resumed> "W", 16) = 1
[pid  3899] <... getpriority resumed> ) = 20
[pid  3899] clock_gettime(CLOCK_MONOTONIC, {187, 869408823}) = 0
[pid  3899] sched_setscheduler(3899, SCHED_OTHER, { 0 } <unfinished ...>
[pid  3761] ioctl(10, BINDER_WRITE_READ <unfinished ...>
[pid  3899] <... sched_setscheduler resumed> ) = 0
[pid  3761] <... ioctl resumed> , 0xa2bd8808) = 0
[pid  3899] prctl(0x29 /* PR_??? */, 0, 0xf3b, 0, 0 <unfinished ...>
[pid  3761] ioctl(10, BINDER_WRITE_READ <unfinished ...>
[pid  3899] <... prctl resumed> )       = -1 EINVAL (Invalid argument)
[pid  3899] ioctl(10, BINDER_WRITE_READ <unfinished ...>
[pid  3761] <... ioctl resumed> , 0xa2bd8808) = 0
[pid  3761] ioctl(10, BINDER_WRITE_READ, 0xa2bd8758) = 0
[pid  3761] ioctl(10, BINDER_WRITE_READ, 0xa2bd8758) = 0
[pid  3761] ioctl(10, BINDER_WRITE_READ, 0xa2bd8758) = 0
[pid  3761] ioctl(10, BINDER_WRITE_READ, 0xa2bd8758) = 0
[pid  3761] write(31, ")'\0\0\24\0\0\0@\0\0\0\0\0\0000aW\0\0", 20) = 20
[pid  3761] read(31, "\0\0\0\0", 4)     = 4
[pid  3761] read(31, "\0\0\0 \376\4\0\0", 8) = 8
[pid  3761] ioctl(10, BINDER_WRITE_READ, 0xa2bd87b8) = 0
[pid  3761] ioctl(10, BINDER_WRITE_READ, 0xa2bd87b8) = 0
[pid  3761] ioctl(10, BINDER_WRITE_READ, 0xa2bd87b8) = 0
[pid  3761] ioctl(10, BINDER_WRITE_READ, 0xa2bd87b8) = 0
[pid  3761] write(31, "\32'\0\0\34\0\0\0\2\0\0\0\240\5\0\0\220\v\0\0\0\0\0(bW\0\0", 28) = 28
[pid  3761] read(31, "A\0\0\0", 4)      = 4
[pid  3761] read(31, "\0\0\0 \377\4\0\0", 8) = 8
[pid  3761] write(31, "\37'\0\0\30\0\0\0A\0\0\0@\0\0\0\0\0\0\10cW\0\0!'\0\0\34\0\0\0"..., 52) = 52
[pid  3761] read(31, "\1\0\0\0", 4)     = 4
[pid  3761] read(31, "\0\0\0 \0\5\0\0", 8) = 8
[pid  3761] clock_gettime(CLOCK_REALTIME, {1576537218, 720076000}) = 0
[pid  3761] writev(3, [{"\0", 1}, {"\261\16", 2}, {"\202\f\370]\340|\353*", 8}, {"\3", 1}, {"EGL_emulation\0", 14}, {"eglMakeCurrent: 0xae90e400: ver "..., 55}], 6) = 81
[pid  3761] write(31, "\23'\0\0\34\0\0\0\3\37\0\0\0\0\0\0\0\0\0\0\0\0\0(eW\0\0", 28) = 28
[pid  3761] read(31, "Q\376\377\377", 4) = 4
[pid  3761] read(31, "\0\0\0 \1\5\0\0", 8) = 8
[pid  3761] write(31, "\23'\0\0\34\0\0\0\3\37\0\0\257\1\0\0\257\1\0\0\0\0\0(fW\0\0", 28) = 28
[pid  3761] read(31, "GL_OES_EGL_image GL_OES_EGL_imag"..., 431) = 431
[pid  3761] read(31, "\257\1\0\0", 4)   = 4
[pid  3761] read(31, "\0\0\200\315\2\5\0\0", 8) = 8
[pid  3761] futex(0xa240ef34, FUTEX_WAKE_PRIVATE, 1) = 1
[pid  3724] <... futex resumed> )       = 0
[pid  3761] epoll_pwait(26,  <unfinished ...>
[pid  3724] ioctl(10, BINDER_WRITE_READ, 0xbfa5f658) = 0
[pid  3724] ioctl(10, BINDER_WRITE_READ, 0xbfa5f658) = 0
[pid  3724] write(25, "W", 1 <unfinished ...>
[pid  3761] <... epoll_pwait resumed> {{EPOLLIN, {u32=22, u64=22}}}, 16, -1, NULL, 8) = 1
[pid  3724] <... write resumed> )       = 1
[pid  3761] read(22,  <unfinished ...>
[pid  3724] clock_gettime(CLOCK_MONOTONIC,  <unfinished ...>
[pid  3761] <... read resumed> "W", 16) = 1
[pid  3724] <... clock_gettime resumed> {187, 914065823}) = 0
[pid  3761] epoll_pwait(26,  <unfinished ...>
[pid  3724] clock_gettime(CLOCK_MONOTONIC, {187, 914733823}) = 0
[pid  3724] recvfrom(24, 0xbfa5ed80, 2400, 64, 0, 0) = -1 EAGAIN (Try again)
[pid  3724] ioctl(10, BINDER_WRITE_READ, 0xbfa5f4e8) = 0
[pid  3724] clock_gettime(CLOCK_MONOTONIC, {187, 917139823}) = 0
[pid  3724] write(25, "W", 1 <unfinished ...>
[pid  3761] <... epoll_pwait resumed> {{EPOLLIN, {u32=22, u64=22}}}, 16, -1, NULL, 8) = 1
[pid  3724] <... write resumed> )       = 1
[pid  3761] read(22, "W", 16)           = 1
[pid  3761] epoll_pwait(26,  <unfinished ...>
[pid  3724] getuid32()                  = 10059
[pid  3724] epoll_pwait(17, {{EPOLLIN, {u32=24, u64=24}}, {EPOLLIN, {u32=15, u64=15}}}, 16, 0, NULL, 8) = 2
[pid  3724] read(15, "W", 16)           = 1
[pid  3724] recvfrom(24, "nysv\0\0\0\0\316\251\264\300+\0\0\0\215\3\0\0\0\0\0\0", 2400, MSG_DONTWAIT, NULL, NULL) = 24
[pid  3724] recvfrom(24, 0xbfa5f050, 2400, 64, 0, 0) = -1 EAGAIN (Try again)
[pid  3724] clock_gettime(CLOCK_MONOTONIC, {187, 924901823}) = 0
[pid  3724] clock_gettime(CLOCK_MONOTONIC, {187, 926097823}) = 0
[pid  3724] clock_gettime(CLOCK_MONOTONIC, {187, 927283823}) = 0
[pid  3724] ioctl(10, BINDER_WRITE_READ, 0xbfa5f888) = 0
[pid  3724] ioctl(10, BINDER_WRITE_READ, 0xbfa5f888) = 0
[pid  3724] dup(23 <unfinished ...>
[pid  3882] <... ioctl resumed> , 0x95be3be8) = 0
[pid  3724] <... dup resumed> )         = 112
[pid  3882] sched_setscheduler(3882, SCHED_OTHER, { 0 }) = 0
[pid  3724] fcntl64(112, F_SETFL, O_RDONLY|O_NONBLOCK <unfinished ...>
[pid  3882] prctl(0x29 /* PR_??? */, 0, 0xf2a, 0xb75bdca4, 0x9783c2b0 <unfinished ...>
[pid  3724] <... fcntl64 resumed> )     = 0
[pid  3882] <... prctl resumed> )       = -1 EINVAL (Invalid argument)
[pid  3882] getpriority(PRIO_PROCESS, 3882 <unfinished ...>
[pid  3724] close(23 <unfinished ...>
[pid  3882] <... getpriority resumed> ) = 20
[pid  3882] clock_gettime(CLOCK_MONOTONIC,  <unfinished ...>
[pid  3724] <... close resumed> )       = 0
[pid  3882] <... clock_gettime resumed> {187, 933089823}) = 0
[pid  3724] close(114 <unfinished ...>
[pid  3882] sched_setscheduler(3882, SCHED_OTHER, { 0 } <unfinished ...>
[pid  3724] <... close resumed> )       = 0
[pid  3882] <... sched_setscheduler resumed> ) = 0
[pid  3882] prctl(0x29 /* PR_??? */, 0, 0xf2a, 0, 0 <unfinished ...>
[pid  3724] getuid32( <unfinished ...>
[pid  3882] <... prctl resumed> )       = -1 EINVAL (Invalid argument)
[pid  3724] <... getuid32 resumed> )    = 10059
[pid  3882] ioctl(10, BINDER_WRITE_READ <unfinished ...>
[pid  3724] epoll_pwait(17, {{EPOLLIN, {u32=110, u64=110}}}, 16, 0, NULL, 8) = 1
[pid  3724] recvfrom(110, "h\0\0\0\0\0\0\0\1\0\0\0\0\0\0\0+\"d\262+\0\0\0\0\0\0\0\304k\34A"..., 26624, MSG_DONTWAIT, NULL, NULL) = 104
[pid  3724] recvfrom(110, 0xa2425000, 26624, 64, 0, 0) = -1 EAGAIN (Try again)
[pid  3724] clock_gettime(CLOCK_MONOTONIC, {187, 938790823}) = 0
[pid  3724] clock_gettime(CLOCK_MONOTONIC, {187, 939601823}) = 0
[pid  3724] clock_gettime(CLOCK_MONOTONIC, {187, 940765823}) = 0
[pid  3724] recvfrom(98, 0xb40cc010, 2264, 64, 0, 0) = -1 EAGAIN (Try again)
[pid  3724] clock_gettime(CLOCK_MONOTONIC, {187, 941986823}) = 0
[pid  3724] clock_gettime(CLOCK_MONOTONIC, {187, 942625823}) = 0
[pid  3724] write(16, "W", 1)           = 1
[pid  3724] write(25, "W", 1 <unfinished ...>
[pid  3761] <... epoll_pwait resumed> {{EPOLLIN, {u32=22, u64=22}}}, 16, -1, NULL, 8) = 1
[pid  3724] <... write resumed> )       = 1
[pid  3761] read(22,  <unfinished ...>
[pid  3724] futex(0xa240ef00, FUTEX_WAIT_PRIVATE, -8, NULL <unfinished ...>
[pid  3761] <... read resumed> "W", 16) = 1
[pid  3761] clock_gettime(CLOCK_MONOTONIC, {187, 946477823}) = 0
[pid  3761] futex(0xa240ef00, FUTEX_WAKE_PRIVATE, 1) = 1
[pid  3724] <... futex resumed> )       = 0
[pid  3761] write(31, "&\10\0\0\24\0\0\0\320\v\0\0\0\0\0000gW\0\0\20\10\0\0 \0\0\0\0\0\0\0"..., 2129 <unfinished ...>
[pid  3724] futex(0xa240ef34, FUTEX_WAIT_PRIVATE, -44, NULL <unfinished ...>
[pid  3761] <... write resumed> )       = 2129
[pid  3761] read(31, "\0\0\0\0", 4)     = 4
[pid  3761] read(31, "\0\0\0 \3\5\0\0", 8) = 8
[pid  3761] write(31, " '\0\0\24\0\0\0A\0\0\0\0\0\0000\216W\0\0", 20) = 20
[pid  3761] read(31, "\0\0\0\0", 4)     = 4
[pid  3761] read(31, "\0\0\0 \4\5\0\0", 8) = 8
[pid  3761] write(31, "\317\10\0\0\20\0\0\0\0\0\0\20\217W\0\0", 16) = 16
[pid  3761] read(31, "\0\0\0\0", 4)     = 4
[pid  3761] read(31, "\0\0\0 \5\5\0\0", 8) = 8
[pid  3761] clock_gettime(CLOCK_MONOTONIC, {187, 975122823}) = 0
[pid  3761] ioctl(10, BINDER_WRITE_READ, 0xa2bd8728) = 0
[pid  3761] ioctl(10, BINDER_WRITE_READ, 0xa2bd8728) = 0
[pid  3761] ioctl(10, BINDER_WRITE_READ, 0xa2bd8778) = 0
[pid  3761] ioctl(10, BINDER_WRITE_READ, 0xa2bd8778) = 0
[pid  3761] ioctl(10, BINDER_WRITE_READ, 0xa2bd8778) = 0
